Archive member included to satisfy reference by file (symbol)

../Middlewares/ST/STM32_Audio/Addons/PDM/Lib/libPDMFilter_CM7_GCC_wc32.a(pdm_filter.o)
                              ./Drivers/BSP/STM32H735G-DK/stm32h735g_discovery_audio.o (PDM_Filter_Init)
/Applications/STM32CubeIDE.app/Contents/Eclipse/plugins/com.st.stm32cube.ide.mcu.externaltools.gnu-tools-for-stm32.9-2020-q2-update.macos64_2.0.0.202105311346/tools/bin/../lib/gcc/arm-none-eabi/9.3.1/../../../../arm-none-eabi/lib/thumb/v7e-m+dp/hard/libc_nano.a(lib_a-errno.o)
                              ./Src/syscalls.o (__errno)
/Applications/STM32CubeIDE.app/Contents/Eclipse/plugins/com.st.stm32cube.ide.mcu.externaltools.gnu-tools-for-stm32.9-2020-q2-update.macos64_2.0.0.202105311346/tools/bin/../lib/gcc/arm-none-eabi/9.3.1/../../../../arm-none-eabi/lib/thumb/v7e-m+dp/hard/libc_nano.a(lib_a-exit.o)
                              /Applications/STM32CubeIDE.app/Contents/Eclipse/plugins/com.st.stm32cube.ide.mcu.externaltools.gnu-tools-for-stm32.9-2020-q2-update.macos64_2.0.0.202105311346/tools/bin/../lib/gcc/arm-none-eabi/9.3.1/../../../../arm-none-eabi/lib/thumb/v7e-m+dp/hard/crt0.o (exit)
/Applications/STM32CubeIDE.app/Contents/Eclipse/plugins/com.st.stm32cube.ide.mcu.externaltools.gnu-tools-for-stm32.9-2020-q2-update.macos64_2.0.0.202105311346/tools/bin/../lib/gcc/arm-none-eabi/9.3.1/../../../../arm-none-eabi/lib/thumb/v7e-m+dp/hard/libc_nano.a(lib_a-impure.o)
                              /Applications/STM32CubeIDE.app/Contents/Eclipse/plugins/com.st.stm32cube.ide.mcu.externaltools.gnu-tools-for-stm32.9-2020-q2-update.macos64_2.0.0.202105311346/tools/bin/../lib/gcc/arm-none-eabi/9.3.1/../../../../arm-none-eabi/lib/thumb/v7e-m+dp/hard/libc_nano.a(lib_a-exit.o) (_global_impure_ptr)
/Applications/STM32CubeIDE.app/Contents/Eclipse/plugins/com.st.stm32cube.ide.mcu.externaltools.gnu-tools-for-stm32.9-2020-q2-update.macos64_2.0.0.202105311346/tools/bin/../lib/gcc/arm-none-eabi/9.3.1/../../../../arm-none-eabi/lib/thumb/v7e-m+dp/hard/libc_nano.a(lib_a-init.o)
                              /Applications/STM32CubeIDE.app/Contents/Eclipse/plugins/com.st.stm32cube.ide.mcu.externaltools.gnu-tools-for-stm32.9-2020-q2-update.macos64_2.0.0.202105311346/tools/bin/../lib/gcc/arm-none-eabi/9.3.1/../../../../arm-none-eabi/lib/thumb/v7e-m+dp/hard/crt0.o (__libc_init_array)
/Applications/STM32CubeIDE.app/Contents/Eclipse/plugins/com.st.stm32cube.ide.mcu.externaltools.gnu-tools-for-stm32.9-2020-q2-update.macos64_2.0.0.202105311346/tools/bin/../lib/gcc/arm-none-eabi/9.3.1/../../../../arm-none-eabi/lib/thumb/v7e-m+dp/hard/libc_nano.a(lib_a-memset.o)
                              /Applications/STM32CubeIDE.app/Contents/Eclipse/plugins/com.st.stm32cube.ide.mcu.externaltools.gnu-tools-for-stm32.9-2020-q2-update.macos64_2.0.0.202105311346/tools/bin/../lib/gcc/arm-none-eabi/9.3.1/../../../../arm-none-eabi/lib/thumb/v7e-m+dp/hard/crt0.o (memset)
/Applications/STM32CubeIDE.app/Contents/Eclipse/plugins/com.st.stm32cube.ide.mcu.externaltools.gnu-tools-for-stm32.9-2020-q2-update.macos64_2.0.0.202105311346/tools/bin/../lib/gcc/arm-none-eabi/9.3.1/../../../../arm-none-eabi/lib/thumb/v7e-m+dp/hard/libm.a(lib_a-sf_pow.o)
                              ../Middlewares/ST/STM32_Audio/Addons/PDM/Lib/libPDMFilter_CM7_GCC_wc32.a(pdm_filter.o) (powf)
/Applications/STM32CubeIDE.app/Contents/Eclipse/plugins/com.st.stm32cube.ide.mcu.externaltools.gnu-tools-for-stm32.9-2020-q2-update.macos64_2.0.0.202105311346/tools/bin/../lib/gcc/arm-none-eabi/9.3.1/../../../../arm-none-eabi/lib/thumb/v7e-m+dp/hard/libm.a(lib_a-sf_pow_log2_data.o)
                              /Applications/STM32CubeIDE.app/Contents/Eclipse/plugins/com.st.stm32cube.ide.mcu.externaltools.gnu-tools-for-stm32.9-2020-q2-update.macos64_2.0.0.202105311346/tools/bin/../lib/gcc/arm-none-eabi/9.3.1/../../../../arm-none-eabi/lib/thumb/v7e-m+dp/hard/libm.a(lib_a-sf_pow.o) (__powf_log2_data)
/Applications/STM32CubeIDE.app/Contents/Eclipse/plugins/com.st.stm32cube.ide.mcu.externaltools.gnu-tools-for-stm32.9-2020-q2-update.macos64_2.0.0.202105311346/tools/bin/../lib/gcc/arm-none-eabi/9.3.1/../../../../arm-none-eabi/lib/thumb/v7e-m+dp/hard/libm.a(lib_a-math_errf.o)
                              /Applications/STM32CubeIDE.app/Contents/Eclipse/plugins/com.st.stm32cube.ide.mcu.externaltools.gnu-tools-for-stm32.9-2020-q2-update.macos64_2.0.0.202105311346/tools/bin/../lib/gcc/arm-none-eabi/9.3.1/../../../../arm-none-eabi/lib/thumb/v7e-m+dp/hard/libm.a(lib_a-sf_pow.o) (__math_uflowf)
/Applications/STM32CubeIDE.app/Contents/Eclipse/plugins/com.st.stm32cube.ide.mcu.externaltools.gnu-tools-for-stm32.9-2020-q2-update.macos64_2.0.0.202105311346/tools/bin/../lib/gcc/arm-none-eabi/9.3.1/../../../../arm-none-eabi/lib/thumb/v7e-m+dp/hard/libm.a(lib_a-sf_exp2_data.o)
[...]
Memory Configuration

Name             Origin             Length             Attributes
ITCMRAM          0x0000000000000000 0x0000000000010000 xrw
DTCMRAM          0x0000000020000000 0x0000000000020000 xrw
FLASH            0x0000000008000000 0x0000000000100000 xr
RAM_D1           0x0000000024000000 0x0000000000050000 xrw
RAM_D2           0x0000000030000000 0x0000000000008000 xrw
RAM_D3           0x0000000038000000 0x0000000000004000 xrw
*default*        0x0000000000000000 0xffffffffffffffff

Linker script and memory map

LOAD /Applications/STM32CubeIDE.app/Contents/Eclipse/plugins/com.st.stm32cube.ide.mcu.externaltools.gnu-tools-for-stm32.9-2020-q2-update.macos64_2.0.0.202105311346/tools/bin/../lib/gcc/arm-none-eabi/9.3.1/thumb/v7e-m+dp/hard/crti.o
LOAD /Applications/STM32CubeIDE.app/Contents/Eclipse/plugins/com.st.stm32cube.ide.mcu.externaltools.gnu-tools-for-stm32.9-2020-q2-update.macos64_2.0.0.202105311346/tools/bin/../lib/gcc/arm-none-eabi/9.3.1/thumb/v7e-m+dp/hard/crtbegin.o
LOAD /Applications/STM32CubeIDE.app/Contents/Eclipse/plugins/com.st.stm32cube.ide.mcu.externaltools.gnu-tools-for-stm32.9-2020-q2-update.macos64_2.0.0.202105311346/tools/bin/../lib/gcc/arm-none-eabi/9.3.1/../../../../arm-none-eabi/lib/thumb/v7e-m+dp/hard/crt0.o
LOAD ./Drivers/BSP/Components/wm8994/wm8994.o
LOAD ./Drivers/BSP/Components/wm8994/wm8994_reg.o
LOAD ./Drivers/BSP/STM32H735G-DK/stm32h735g_discovery.o
LOAD ./Drivers/BSP/STM32H735G-DK/stm32h735g_discovery_audio.o
LOAD ./Drivers/BSP/STM32H735G-DK/stm32h735g_discovery_bus.o
LOAD ./Drivers/STM32H7xx_HAL_Driver/Src/stm32h7xx_hal.o
LOAD ./Drivers/STM32H7xx_HAL_Driver/Src/stm32h7xx_hal_cortex.o
LOAD ./Drivers/STM32H7xx_HAL_Driver/Src/stm32h7xx_hal_crc.o
LOAD ./Drivers/STM32H7xx_HAL_Driver/Src/stm32h7xx_hal_crc_ex.o
LOAD ./Drivers/STM32H7xx_HAL_Driver/Src/stm32h7xx_hal_dfsdm.o
LOAD ./Drivers/STM32H7xx_HAL_Driver/Src/stm32h7xx_hal_dma.o
LOAD ./Drivers/STM32H7xx_HAL_Driver/Src/stm32h7xx_hal_dma_ex.o
LOAD ./Drivers/STM32H7xx_HAL_Driver/Src/stm32h7xx_hal_exti.o
LOAD ./Drivers/STM32H7xx_HAL_Driver/Src/stm32h7xx_hal_flash.o
LOAD ./Drivers/STM32H7xx_HAL_Driver/Src/stm32h7xx_hal_flash_ex.o
LOAD ./Drivers/STM32H7xx_HAL_Driver/Src/stm32h7xx_hal_gpio.o
LOAD ./Drivers/STM32H7xx_HAL_Driver/Src/stm32h7xx_hal_hsem.o
LOAD ./Drivers/STM32H7xx_HAL_Driver/Src/stm32h7xx_hal_i2c.o
LOAD ./Drivers/STM32H7xx_HAL_Driver/Src/stm32h7xx_hal_i2c_ex.o
LOAD ./Drivers/STM32H7xx_HAL_Driver/Src/stm32h7xx_hal_mdma.o
LOAD ./Drivers/STM32H7xx_HAL_Driver/Src/stm32h7xx_hal_pwr.o
LOAD ./Drivers/STM32H7xx_HAL_Driver/Src/stm32h7xx_hal_pwr_ex.o
LOAD ./Drivers/STM32H7xx_HAL_Driver/Src/stm32h7xx_hal_rcc.o
LOAD ./Drivers/STM32H7xx_HAL_Driver/Src/stm32h7xx_hal_rcc_ex.o
LOAD ./Drivers/STM32H7xx_HAL_Driver/Src/stm32h7xx_hal_sai.o
LOAD ./Drivers/STM32H7xx_HAL_Driver/Src/stm32h7xx_hal_sai_ex.o
LOAD ./Drivers/STM32H7xx_HAL_Driver/Src/stm32h7xx_hal_tim.o
LOAD ./Drivers/STM32H7xx_HAL_Driver/Src/stm32h7xx_hal_tim_ex.o
LOAD ./Src/main.o
LOAD ./Src/pdm2pcm.o
LOAD ./Src/stm32h7xx_hal_msp.o
LOAD ./Src/stm32h7xx_it.o
LOAD ./Src/syscalls.o
LOAD ./Src/sysmem.o
LOAD ./Src/system_stm32h7xx.o
LOAD ./Startup/startup_stm32h735igkx.o
LOAD ../Middlewares/ST/STM32_Audio/Addons/PDM/Lib/libPDMFilter_CM7_GCC_wc32.a
START GROUP
LOAD /Applications/STM32CubeIDE.app/Contents/Eclipse/plugins/com.st.stm32cube.ide.mcu.externaltools.gnu-tools-for-stm32.9-2020-q2-update.macos64_2.0.0.202105311346/tools/bin/../lib/gcc/arm-none-eabi/9.3.1/../../../../arm-none-eabi/lib/thumb/v7e-m+dp/hard/libc_nano.a
LOAD /Applications/STM32CubeIDE.app/Contents/Eclipse/plugins/com.st.stm32cube.ide.mcu.externaltools.gnu-tools-for-stm32.9-2020-q2-update.macos64_2.0.0.202105311346/tools/bin/../lib/gcc/arm-none-eabi/9.3.1/../../../../arm-none-eabi/lib/thumb/v7e-m+dp/hard/libm.a
END GROUP
START GROUP
LOAD /Applications/STM32CubeIDE.app/Contents/Eclipse/plugins/com.st.stm32cube.ide.mcu.externaltools.gnu-tools-for-stm32.9-2020-q2-update.macos64_2.0.0.202105311346/tools/bin/../lib/gcc/arm-none-eabi/9.3.1/thumb/v7e-m+dp/hard/libgcc.a
LOAD /Applications/STM32CubeIDE.app/Contents/Eclipse/plugins/com.st.stm32cube.ide.mcu.externaltools.gnu-tools-for-stm32.9-2020-q2-update.macos64_2.0.0.202105311346/tools/bin/../lib/gcc/arm-none-eabi/9.3.1/../../../../arm-none-eabi/lib/thumb/v7e-m+dp/hard/libc_nano.a
END GROUP
START GROUP
LOAD /Applications/STM32CubeIDE.app/Contents/Eclipse/plugins/com.st.stm32cube.ide.mcu.externaltools.gnu-tools-for-stm32.9-2020-q2-update.macos64_2.0.0.202105311346/tools/bin/../lib/gcc/arm-none-eabi/9.3.1/thumb/v7e-m+dp/hard/libgcc.a
LOAD /Applications/STM32CubeIDE.app/Contents/Eclipse/plugins/com.st.stm32cube.ide.mcu.externaltools.gnu-tools-for-stm32.9-2020-q2-update.macos64_2.0.0.202105311346/tools/bin/../lib/gcc/arm-none-eabi/9.3.1/../../../../arm-none-eabi/lib/thumb/v7e-m+dp/hard/libc_nano.a
LOAD /Applications/STM32CubeIDE.app/Contents/Eclipse/plugins/com.st.stm32cube.ide.mcu.externaltools.gnu-tools-for-stm32.9-2020-q2-update.macos64_2.0.0.202105311346/tools/bin/../lib/gcc/arm-none-eabi/9.3.1/../../../../arm-none-eabi/lib/thumb/v7e-m+dp/hard/libnosys.a
END GROUP
START GROUP
LOAD /Applications/STM32CubeIDE.app/Contents/Eclipse/plugins/com.st.stm32cube.ide.mcu.externaltools.gnu-tools-for-stm32.9-2020-q2-update.macos64_2.0.0.202105311346/tools/bin/../lib/gcc/arm-none-eabi/9.3.1/thumb/v7e-m+dp/hard/libgcc.a
LOAD /Applications/STM32CubeIDE.app/Contents/Eclipse/plugins/com.st.stm32cube.ide.mcu.externaltools.gnu-tools-for-stm32.9-2020-q2-update.macos64_2.0.0.202105311346/tools/bin/../lib/gcc/arm-none-eabi/9.3.1/../../../../arm-none-eabi/lib/thumb/v7e-m+dp/hard/libc_nano.a
LOAD /Applications/STM32CubeIDE.app/Contents/Eclipse/plugins/com.st.stm32cube.ide.mcu.externaltools.gnu-tools-for-stm32.9-2020-q2-update.macos64_2.0.0.202105311346/tools/bin/../lib/gcc/arm-none-eabi/9.3.1/../../../../arm-none-eabi/lib/thumb/v7e-m+dp/hard/libnosys.a
END GROUP
LOAD /Applications/STM32CubeIDE.app/Contents/Eclipse/plugins/com.st.stm32cube.ide.mcu.externaltools.gnu-tools-for-stm32.9-2020-q2-update.macos64_2.0.0.202105311346/tools/bin/../lib/gcc/arm-none-eabi/9.3.1/thumb/v7e-m+dp/hard/crtend.o
LOAD /Applications/STM32CubeIDE.app/Contents/Eclipse/plugins/com.st.stm32cube.ide.mcu.externaltools.gnu-tools-for-stm32.9-2020-q2-update.macos64_2.0.0.202105311346/tools/bin/../lib/gcc/arm-none-eabi/9.3.1/thumb/v7e-m+dp/hard/crtn.o
                0x0000000024050000                _estack = (ORIGIN (RAM_D1) + LENGTH (RAM_D1))
                0x0000000000000200                _Min_Heap_Size = 0x200
                0x0000000000000400                _Min_Stack_Size = 0x400

.isr_vector     0x0000000008000000      0x2cc
                0x0000000008000000                . = ALIGN (0x4)
 *(.isr_vector)
 .isr_vector    0x0000000008000000      0x2cc ./Startup/startup_stm32h735igkx.o
                0x0000000008000000                g_pfnVectors
                0x00000000080002cc                . = ALIGN (0x4)

.text           0x00000000080002d0     0xc190
                0x00000000080002d0                . = ALIGN (0x4)
 *(.text)
 .text          0x00000000080002d0       0x40 /Applications/STM32CubeIDE.app/Contents/Eclipse/plugins/com.st.stm32cube.ide.mcu.externaltools.gnu-tools-for-stm32.9-2020-q2-update.macos64_2.0.0.202105311346/tools/bin/../lib/gcc/arm-none-eabi/9.3.1/thumb/v7e-m+dp/hard/crtbegin.o
 *(.text*)
 .text.BSP_LED_Init
                0x0000000008000310       0xbc ./Drivers/BSP/STM32H735G-DK/stm32h735g_discovery.o
                0x0000000008000310                BSP_LED_Init
 .text.BSP_LED_Off
                0x00000000080003cc       0x3c ./Drivers/BSP/STM32H735G-DK/stm32h735g_discovery.o
                0x00000000080003cc                BSP_LED_Off
 .text.MX_SAI1_Block_B_Init
                0x0000000008000408      0x120 ./Drivers/BSP/STM32H735G-DK/stm32h735g_discovery_audio.o
                0x0000000008000408                MX_SAI1_Block_B_Init
 .text.MX_SAI1_ClockConfig
                0x0000000008000528       0x7a ./Drivers/BSP/STM32H735G-DK/stm32h735g_discovery_audio.o
                0x0000000008000528                MX_SAI1_ClockConfig
 *fill*         0x00000000080005a2        0x2 
 .text.HAL_SAI_ErrorCallback
                0x00000000080005a4       0x2c ./Drivers/BSP/STM32H735G-DK/stm32h735g_discovery_audio.o
                0x00000000080005a4                HAL_SAI_ErrorCallback
 .text.BSP_AUDIO_OUT_Error_CallBack
                0x00000000080005d0       0x14 ./Drivers/BSP/STM32H735G-DK/stm32h735g_discovery_audio.o
                0x00000000080005d0                BSP_AUDIO_OUT_Error_CallBack
 .text.SAI_MspInit
                0x00000000080005e4      0x4f4 ./Drivers/BSP/STM32H735G-DK/stm32h735g_discovery_audio.o
 .text.BSP_AUDIO_IN_Init
                0x0000000008000ad8      0x5cc ./Drivers/BSP/STM32H735G-DK/stm32h735g_discovery_audio.o
                0x0000000008000ad8                BSP_AUDIO_IN_Init
 .text.MX_DFSDM1_ClockConfig
                0x00000000080010a4       0x50 ./Drivers/BSP/STM32H735G-DK/stm32h735g_discovery_audio.o
                0x00000000080010a4                MX_DFSDM1_ClockConfig
 .text.MX_SAI4_ClockConfig
                0x00000000080010f4       0x8a ./Drivers/BSP/STM32H735G-DK/stm32h735g_discovery_audio.o
                0x00000000080010f4                MX_SAI4_ClockConfig
 .text.MX_DFSDM1_Init
                0x000000000800117e       0xfe ./Drivers/BSP/STM32H735G-DK/stm32h735g_discovery_audio.o
                0x000000000800117e                MX_DFSDM1_Init
 .text.MX_SAI1_Block_A_Init
                0x000000000800127c      0x110 ./Drivers/BSP/STM32H735G-DK/stm32h735g_discovery_audio.o
                0x000000000800127c                MX_SAI1_Block_A_Init
 .text.MX_SAI4_Block_A_Init
                0x000000000800138c      0x10a ./Drivers/BSP/STM32H735G-DK/stm32h735g_discovery_audio.o
                0x000000000800138c                MX_SAI4_Block_A_Init
 *fill*         0x0000000008001496        0x2 
 .text.BSP_AUDIO_IN_PDMToPCM_Init
                0x0000000008001498      0x148 ./Drivers/BSP/STM32H735G-DK/stm32h735g_discovery_audio.o
                0x0000000008001498                BSP_AUDIO_IN_PDMToPCM_Init
 .text.BSP_AUDIO_IN_RecordPDM
                0x00000000080015e0       0x54 ./Drivers/BSP/STM32H735G-DK/stm32h735g_discovery_audio.o
                0x00000000080015e0                BSP_AUDIO_IN_RecordPDM
 .text.BSP_AUDIO_IN_IRQHandler
                0x0000000008001634       0x98 ./Drivers/BSP/STM32H735G-DK/stm32h735g_discovery_audio.o
                0x0000000008001634                BSP_AUDIO_IN_IRQHandler
 .text.HAL_SAI_RxHalfCpltCallback
                0x00000000080016cc       0x16 ./Drivers/BSP/STM32H735G-DK/stm32h735g_discovery_audio.o
                0x00000000080016cc                HAL_SAI_RxHalfCpltCallback
 .text.HAL_SAI_RxCpltCallback
                0x00000000080016e2       0x16 ./Drivers/BSP/STM32H735G-DK/stm32h735g_discovery_audio.o
                0x00000000080016e2                HAL_SAI_RxCpltCallback
 .text.BSP_AUDIO_IN_TransferComplete_CallBack
                0x00000000080016f8       0x14 ./Drivers/BSP/STM32H735G-DK/stm32h735g_discovery_audio.o
                0x00000000080016f8                BSP_AUDIO_IN_TransferComplete_CallBack
 .text.BSP_AUDIO_IN_HalfTransfer_CallBack
                0x000000000800170c       0x14 ./Drivers/BSP/STM32H735G-DK/stm32h735g_discovery_audio.o
                0x000000000800170c                BSP_AUDIO_IN_HalfTransfer_CallBack
 .text.BSP_AUDIO_IN_Error_CallBack
                0x0000000008001720       0x14 ./Drivers/BSP/STM32H735G-DK/stm32h735g_discovery_audio.o
                0x0000000008001720                BSP_AUDIO_IN_Error_CallBack
 .text.DFSDM_ChannelMspInit
                0x0000000008001734      0x148 ./Drivers/BSP/STM32H735G-DK/stm32h735g_discovery_audio.o
 .text.DFSDM_FilterMspInit
                0x000000000800187c      0x3c4 ./Drivers/BSP/STM32H735G-DK/stm32h735g_discovery_audio.o
 .text.HAL_Init
                0x0000000008001c40       0x78 ./Drivers/STM32H7xx_HAL_Driver/Src/stm32h7xx_hal.o
                0x0000000008001c40                HAL_Init
 .text.HAL_InitTick
                0x0000000008001cb8       0x6c ./Drivers/STM32H7xx_HAL_Driver/Src/stm32h7xx_hal.o
                0x0000000008001cb8                HAL_InitTick
 .text.HAL_IncTick
                0x0000000008001d24       0x28 ./Drivers/STM32H7xx_HAL_Driver/Src/stm32h7xx_hal.o
                0x0000000008001d24                HAL_IncTick
 .text.HAL_GetTick
                0x0000000008001d4c       0x18 ./Drivers/STM32H7xx_HAL_Driver/Src/stm32h7xx_hal.o
                0x0000000008001d4c                HAL_GetTick
 .text.__NVIC_SetPriorityGrouping
                0x0000000008001d64       0x48 ./Drivers/STM32H7xx_HAL_Driver/Src/stm32h7xx_hal_cortex.o
 .text.__NVIC_GetPriorityGrouping
                0x0000000008001dac       0x1c ./Drivers/STM32H7xx_HAL_Driver/Src/stm32h7xx_hal_cortex.o
 .text.__NVIC_EnableIRQ
                0x0000000008001dc8       0x3c ./Drivers/STM32H7xx_HAL_Driver/Src/stm32h7xx_hal_cortex.o
 .text.__NVIC_SetPriority
                0x0000000008001e04       0x54 ./Drivers/STM32H7xx_HAL_Driver/Src/stm32h7xx_hal_cortex.o
 .text.NVIC_EncodePriority
                0x0000000008001e58       0x66 ./Drivers/STM32H7xx_HAL_Driver/Src/stm32h7xx_hal_cortex.o
 *fill*         0x0000000008001ebe        0x2 
 .text.SysTick_Config
                0x0000000008001ec0       0x44 ./Drivers/STM32H7xx_HAL_Driver/Src/stm32h7xx_hal_cortex.o
 .text.HAL_NVIC_SetPriorityGrouping
                0x0000000008001f04       0x16 ./Drivers/STM32H7xx_HAL_Driver/Src/stm32h7xx_hal_cortex.o
                0x0000000008001f04                HAL_NVIC_SetPriorityGrouping
 .text.HAL_NVIC_SetPriority
                0x0000000008001f1a       0x34 ./Drivers/STM32H7xx_HAL_Driver/Src/stm32h7xx_hal_cortex.o
                0x0000000008001f1a                HAL_NVIC_SetPriority
 .text.HAL_NVIC_EnableIRQ
                0x0000000008001f4e       0x1c ./Drivers/STM32H7xx_HAL_Driver/Src/stm32h7xx_hal_cortex.o
                0x0000000008001f4e                HAL_NVIC_EnableIRQ
 .text.HAL_SYSTICK_Config
                0x0000000008001f6a       0x18 ./Drivers/STM32H7xx_HAL_Driver/Src/stm32h7xx_hal_cortex.o
                0x0000000008001f6a                HAL_SYSTICK_Config
 *fill*         0x0000000008001f82        0x2 
 .text.HAL_CRC_Init
                0x0000000008001f84       0xc8 ./Drivers/STM32H7xx_HAL_Driver/Src/stm32h7xx_hal_crc.o
                0x0000000008001f84                HAL_CRC_Init
 .text.HAL_CRCEx_Polynomial_Set
                0x000000000800204c      0x10c ./Drivers/STM32H7xx_HAL_Driver/Src/stm32h7xx_hal_crc_ex.o
                0x000000000800204c                HAL_CRCEx_Polynomial_Set
 .text.HAL_DFSDM_ChannelInit
                0x0000000008002158      0x190 ./Drivers/STM32H7xx_HAL_Driver/Src/stm32h7xx_hal_dfsdm.o
                0x0000000008002158                HAL_DFSDM_ChannelInit
 .text.HAL_DFSDM_FilterInit
                0x00000000080022e8      0x1b8 ./Drivers/STM32H7xx_HAL_Driver/Src/stm32h7xx_hal_dfsdm.o
                0x00000000080022e8                HAL_DFSDM_FilterInit
 .text.HAL_DFSDM_FilterMspInit
                0x00000000080024a0       0x14 ./Drivers/STM32H7xx_HAL_Driver/Src/stm32h7xx_hal_dfsdm.o
                0x00000000080024a0                HAL_DFSDM_FilterMspInit
 .text.HAL_DFSDM_FilterConfigRegChannel
                0x00000000080024b4       0x8c ./Drivers/STM32H7xx_HAL_Driver/Src/stm32h7xx_hal_dfsdm.o
                0x00000000080024b4                HAL_DFSDM_FilterConfigRegChannel
 .text.DFSDM_GetChannelFromInstance
                0x0000000008002540       0x98 ./Drivers/STM32H7xx_HAL_Driver/Src/stm32h7xx_hal_dfsdm.o
 .text.HAL_DMA_Init
                0x00000000080025d8      0x6b4 ./Drivers/STM32H7xx_HAL_Driver/Src/stm32h7xx_hal_dma.o
                0x00000000080025d8                HAL_DMA_Init
 .text.HAL_DMA_DeInit
                0x0000000008002c8c      0x36c ./Drivers/STM32H7xx_HAL_Driver/Src/stm32h7xx_hal_dma.o
                0x0000000008002c8c                HAL_DMA_DeInit
 .text.HAL_DMA_Start_IT
                0x0000000008002ff8      0x4d4 ./Drivers/STM32H7xx_HAL_Driver/Src/stm32h7xx_hal_dma.o
                0x0000000008002ff8                HAL_DMA_Start_IT
 .text.HAL_DMA_Abort
                0x00000000080034cc      0x63c ./Drivers/STM32H7xx_HAL_Driver/Src/stm32h7xx_hal_dma.o
                0x00000000080034cc                HAL_DMA_Abort
 .text.HAL_DMA_Abort_IT
                0x0000000008003b08      0x488 ./Drivers/STM32H7xx_HAL_Driver/Src/stm32h7xx_hal_dma.o
                0x0000000008003b08                HAL_DMA_Abort_IT
 .text.HAL_DMA_IRQHandler
                0x0000000008003f90      0xe54 ./Drivers/STM32H7xx_HAL_Driver/Src/stm32h7xx_hal_dma.o
                0x0000000008003f90                HAL_DMA_IRQHandler
 .text.HAL_DMA_GetError
                0x0000000008004de4       0x18 ./Drivers/STM32H7xx_HAL_Driver/Src/stm32h7xx_hal_dma.o
                0x0000000008004de4                HAL_DMA_GetError
 .text.DMA_SetConfig
                0x0000000008004dfc      0x358 ./Drivers/STM32H7xx_HAL_Driver/Src/stm32h7xx_hal_dma.o
 .text.DMA_CalcBaseAndBitshift
                0x0000000008005154      0x164 ./Drivers/STM32H7xx_HAL_Driver/Src/stm32h7xx_hal_dma.o
 .text.DMA_CheckFifoParam
                0x00000000080052b8       0xf8 ./Drivers/STM32H7xx_HAL_Driver/Src/stm32h7xx_hal_dma.o
 .text.DMA_CalcDMAMUXChannelBaseAndMask
                0x00000000080053b0      0x134 ./Drivers/STM32H7xx_HAL_Driver/Src/stm32h7xx_hal_dma.o
 .text.DMA_CalcDMAMUXRequestGenBaseAndMask
                0x00000000080054e4       0xe8 ./Drivers/STM32H7xx_HAL_Driver/Src/stm32h7xx_hal_dma.o
 .text.HAL_DMAEx_ConfigMuxSync
                0x00000000080055cc      0x18c ./Drivers/STM32H7xx_HAL_Driver/Src/stm32h7xx_hal_dma_ex.o
                0x00000000080055cc                HAL_DMAEx_ConfigMuxSync
 .text.HAL_DMAEx_MUX_IRQHandler
                0x0000000008005758       0xa4 ./Drivers/STM32H7xx_HAL_Driver/Src/stm32h7xx_hal_dma_ex.o
                0x0000000008005758                HAL_DMAEx_MUX_IRQHandler
 .text.HAL_GPIO_Init
                0x00000000080057fc      0x350 ./Drivers/STM32H7xx_HAL_Driver/Src/stm32h7xx_hal_gpio.o
                0x00000000080057fc                HAL_GPIO_Init
 .text.HAL_GPIO_WritePin
                0x0000000008005b4c       0x32 ./Drivers/STM32H7xx_HAL_Driver/Src/stm32h7xx_hal_gpio.o
                0x0000000008005b4c                HAL_GPIO_WritePin
 *fill*         0x0000000008005b7e        0x2 
 .text.HAL_PWREx_ConfigSupply
                0x0000000008005b80       0xb4 ./Drivers/STM32H7xx_HAL_Driver/Src/stm32h7xx_hal_pwr_ex.o
                0x0000000008005b80                HAL_PWREx_ConfigSupply
 .text.HAL_RCC_OscConfig
                0x0000000008005c34      0x758 ./Drivers/STM32H7xx_HAL_Driver/Src/stm32h7xx_hal_rcc.o
                0x0000000008005c34                HAL_RCC_OscConfig
 .text.HAL_RCC_ClockConfig
                0x000000000800638c      0x36c ./Drivers/STM32H7xx_HAL_Driver/Src/stm32h7xx_hal_rcc.o
                0x000000000800638c                HAL_RCC_ClockConfig
 .text.HAL_RCC_GetSysClockFreq
                0x00000000080066f8      0x2f4 ./Drivers/STM32H7xx_HAL_Driver/Src/stm32h7xx_hal_rcc.o
                0x00000000080066f8                HAL_RCC_GetSysClockFreq
 .text.HAL_RCC_GetHCLKFreq
                0x00000000080069ec       0x60 ./Drivers/STM32H7xx_HAL_Driver/Src/stm32h7xx_hal_rcc.o
                0x00000000080069ec                HAL_RCC_GetHCLKFreq
 .text.HAL_RCCEx_PeriphCLKConfig
                0x0000000008006a4c      0xdf4 ./Drivers/STM32H7xx_HAL_Driver/Src/stm32h7xx_hal_rcc_ex.o
                0x0000000008006a4c                HAL_RCCEx_PeriphCLKConfig
 .text.HAL_RCCEx_GetPeriphCLKConfig
                0x0000000008007840      0x29c ./Drivers/STM32H7xx_HAL_Driver/Src/stm32h7xx_hal_rcc_ex.o
                0x0000000008007840                HAL_RCCEx_GetPeriphCLKConfig
 .text.HAL_RCCEx_GetPeriphCLKFreq
                0x0000000008007adc      0x848 ./Drivers/STM32H7xx_HAL_Driver/Src/stm32h7xx_hal_rcc_ex.o
                0x0000000008007adc                HAL_RCCEx_GetPeriphCLKFreq
 .text.HAL_RCCEx_GetD3PCLK1Freq
                0x0000000008008324       0x2c ./Drivers/STM32H7xx_HAL_Driver/Src/stm32h7xx_hal_rcc_ex.o
                0x0000000008008324                HAL_RCCEx_GetD3PCLK1Freq
 .text.HAL_RCCEx_GetPLL2ClockFreq
                0x0000000008008350      0x2a8 ./Drivers/STM32H7xx_HAL_Driver/Src/stm32h7xx_hal_rcc_ex.o
                0x0000000008008350                HAL_RCCEx_GetPLL2ClockFreq
 .text.HAL_RCCEx_GetPLL3ClockFreq
                0x00000000080085f8      0x2a8 ./Drivers/STM32H7xx_HAL_Driver/Src/stm32h7xx_hal_rcc_ex.o
                0x00000000080085f8                HAL_RCCEx_GetPLL3ClockFreq
 .text.HAL_RCCEx_GetPLL1ClockFreq
                0x00000000080088a0      0x2a4 ./Drivers/STM32H7xx_HAL_Driver/Src/stm32h7xx_hal_rcc_ex.o
                0x00000000080088a0                HAL_RCCEx_GetPLL1ClockFreq
 .text.RCCEx_PLL2_Config
                0x0000000008008b44      0x164 ./Drivers/STM32H7xx_HAL_Driver/Src/stm32h7xx_hal_rcc_ex.o
 .text.RCCEx_PLL3_Config
                0x0000000008008ca8      0x164 ./Drivers/STM32H7xx_HAL_Driver/Src/stm32h7xx_hal_rcc_ex.o
 .text.HAL_SAI_Init
                0x0000000008008e0c      0x428 ./Drivers/STM32H7xx_HAL_Driver/Src/stm32h7xx_hal_sai.o
                0x0000000008008e0c                HAL_SAI_Init
 .text.HAL_SAI_Abort
                0x0000000008009234      0x11e ./Drivers/STM32H7xx_HAL_Driver/Src/stm32h7xx_hal_sai.o
                0x0000000008009234                HAL_SAI_Abort
 *fill*         0x0000000008009352        0x2 
 .text.HAL_SAI_Receive_DMA
                0x0000000008009354      0x128 ./Drivers/STM32H7xx_HAL_Driver/Src/stm32h7xx_hal_sai.o
                0x0000000008009354                HAL_SAI_Receive_DMA
 .text.HAL_SAI_IRQHandler
                0x000000000800947c      0x370 ./Drivers/STM32H7xx_HAL_Driver/Src/stm32h7xx_hal_sai.o
                0x000000000800947c                HAL_SAI_IRQHandler
 .text.SAI_InterruptFlag
                0x00000000080097ec       0x6e ./Drivers/STM32H7xx_HAL_Driver/Src/stm32h7xx_hal_sai.o
 *fill*         0x000000000800985a        0x2 
 .text.SAI_Disable
                0x000000000800985c       0x74 ./Drivers/STM32H7xx_HAL_Driver/Src/stm32h7xx_hal_sai.o
 .text.SAI_DMARxCplt
                0x00000000080098d0       0x60 ./Drivers/STM32H7xx_HAL_Driver/Src/stm32h7xx_hal_sai.o
 .text.SAI_DMARxHalfCplt
                0x0000000008009930       0x1c ./Drivers/STM32H7xx_HAL_Driver/Src/stm32h7xx_hal_sai.o
 .text.SAI_DMAError
                0x000000000800994c       0x5e ./Drivers/STM32H7xx_HAL_Driver/Src/stm32h7xx_hal_sai.o
 .text.SAI_DMAAbort
                0x00000000080099aa       0x6e ./Drivers/STM32H7xx_HAL_Driver/Src/stm32h7xx_hal_sai.o
 .text.main     0x0000000008009a18       0xa0 ./Src/main.o
                0x0000000008009a18                main
 .text.SystemClock_Config
                0x0000000008009ab8       0xdc ./Src/main.o
                0x0000000008009ab8                SystemClock_Config
 .text.MX_CRC_Init
                0x0000000008009b94       0x84 ./Src/main.o
 .text.MX_BDMA_Init
                0x0000000008009c18       0x50 ./Src/main.o
 .text.MX_DMA_Init
                0x0000000008009c68       0x50 ./Src/main.o
 .text.MX_GPIO_Init
                0x0000000008009cb8       0x90 ./Src/main.o
 .text.Error_Handler
                0x0000000008009d48        0xa ./Src/main.o
                0x0000000008009d48                Error_Handler
 *fill*         0x0000000008009d52        0x2 
 .text.MX_PDM2PCM_Init
                0x0000000008009d54       0x54 ./Src/pdm2pcm.o
                0x0000000008009d54                MX_PDM2PCM_Init
 .text.HAL_MspInit
                0x0000000008009da8       0x34 ./Src/stm32h7xx_hal_msp.o
                0x0000000008009da8                HAL_MspInit
 .text.HAL_CRC_MspInit
                0x0000000008009ddc       0x44 ./Src/stm32h7xx_hal_msp.o
                0x0000000008009ddc                HAL_CRC_MspInit
 .text.HAL_DFSDM_ChannelMspInit
                0x0000000008009e20       0x74 ./Src/stm32h7xx_hal_msp.o
                0x0000000008009e20                HAL_DFSDM_ChannelMspInit
 .text.HAL_SAI_MspInit
                0x0000000008009e94      0x268 ./Src/stm32h7xx_hal_msp.o
                0x0000000008009e94                HAL_SAI_MspInit
 .text.NMI_Handler
                0x000000000800a0fc        0x6 ./Src/stm32h7xx_it.o
                0x000000000800a0fc                NMI_Handler
 .text.HardFault_Handler
                0x000000000800a102        0x6 ./Src/stm32h7xx_it.o
                0x000000000800a102                HardFault_Handler
 .text.MemManage_Handler
                0x000000000800a108        0x6 ./Src/stm32h7xx_it.o
                0x000000000800a108                MemManage_Handler
 .text.BusFault_Handler
                0x000000000800a10e        0x6 ./Src/stm32h7xx_it.o
                0x000000000800a10e                BusFault_Handler
 .text.UsageFault_Handler
                0x000000000800a114        0x6 ./Src/stm32h7xx_it.o
                0x000000000800a114                UsageFault_Handler
 .text.SVC_Handler
                0x000000000800a11a        0xe ./Src/stm32h7xx_it.o
                0x000000000800a11a                SVC_Handler
 .text.DebugMon_Handler
                0x000000000800a128        0xe ./Src/stm32h7xx_it.o
                0x000000000800a128                DebugMon_Handler
 .text.PendSV_Handler
                0x000000000800a136        0xe ./Src/stm32h7xx_it.o
                0x000000000800a136                PendSV_Handler
 .text.SysTick_Handler
                0x000000000800a144        0xc ./Src/stm32h7xx_it.o
                0x000000000800a144                SysTick_Handler
 .text.DMA1_Stream1_IRQHandler
                0x000000000800a150       0x14 ./Src/stm32h7xx_it.o
                0x000000000800a150                DMA1_Stream1_IRQHandler
 .text.SAI1_IRQHandler
                0x000000000800a164       0x14 ./Src/stm32h7xx_it.o
                0x000000000800a164                SAI1_IRQHandler
 .text.DMAMUX1_OVR_IRQHandler
                0x000000000800a178       0x14 ./Src/stm32h7xx_it.o
                0x000000000800a178                DMAMUX1_OVR_IRQHandler
 .text.DMAMUX2_OVR_IRQHandler
                0x000000000800a18c       0x14 ./Src/stm32h7xx_it.o
                0x000000000800a18c                DMAMUX2_OVR_IRQHandler
 .text.BDMA_Channel1_IRQHandler
                0x000000000800a1a0       0x10 ./Src/stm32h7xx_it.o
                0x000000000800a1a0                BDMA_Channel1_IRQHandler
 .text.SAI4_IRQHandler
                0x000000000800a1b0        0xe ./Src/stm32h7xx_it.o
                0x000000000800a1b0                SAI4_IRQHandler
 *fill*         0x000000000800a1be        0x2 
 .text.SystemInit
                0x000000000800a1c0       0xf0 ./Src/system_stm32h7xx.o
                0x000000000800a1c0                SystemInit
 .text.Reset_Handler
                0x000000000800a2b0       0x50 ./Startup/startup_stm32h735igkx.o
                0x000000000800a2b0                Reset_Handler
 .text.Default_Handler
                0x000000000800a300        0x2 ./Startup/startup_stm32h735igkx.o
                0x000000000800a300                DMA1_Stream3_IRQHandler
                0x000000000800a300                HASH_RNG_IRQHandler
                0x000000000800a300                EXTI2_IRQHandler
                0x000000000800a300                TIM8_CC_IRQHandler
                0x000000000800a300                UART8_IRQHandler
                0x000000000800a300                SPI4_IRQHandler
                0x000000000800a300                FDCAN3_IT0_IRQHandler
                0x000000000800a300                TIM1_CC_IRQHandler
                0x000000000800a300                BDMA_Channel6_IRQHandler
                0x000000000800a300                DMA2_Stream5_IRQHandler
                0x000000000800a300                DMA1_Stream5_IRQHandler
                0x000000000800a300                CORDIC_IRQHandler
                0x000000000800a300                TAMP_STAMP_IRQHandler
                0x000000000800a300                EXTI3_IRQHandler
                0x000000000800a300                LPTIM4_IRQHandler
                0x000000000800a300                TIM8_TRG_COM_TIM14_IRQHandler
                0x000000000800a300                LPTIM2_IRQHandler
                0x000000000800a300                DFSDM1_FLT1_IRQHandler
                0x000000000800a300                TIM8_UP_TIM13_IRQHandler
                0x000000000800a300                I2C3_ER_IRQHandler
                0x000000000800a300                DFSDM1_FLT2_IRQHandler
                0x000000000800a300                I2C5_EV_IRQHandler
                0x000000000800a300                USART10_IRQHandler
                0x000000000800a300                MDMA_IRQHandler
                0x000000000800a300                LPTIM3_IRQHandler
                0x000000000800a300                HSEM1_IRQHandler
                0x000000000800a300                EXTI0_IRQHandler
                0x000000000800a300                I2C2_EV_IRQHandler
                0x000000000800a300                DMA1_Stream2_IRQHandler
                0x000000000800a300                FPU_IRQHandler
                0x000000000800a300                OTG_HS_WKUP_IRQHandler
                0x000000000800a300                FDCAN1_IT1_IRQHandler
                0x000000000800a300                LTDC_ER_IRQHandler
                0x000000000800a300                DMA2_Stream2_IRQHandler
                0x000000000800a300                SPI1_IRQHandler
                0x000000000800a300                OCTOSPI1_IRQHandler
                0x000000000800a300                TIM6_DAC_IRQHandler
                0x000000000800a300                DMA2_Stream3_IRQHandler
                0x000000000800a300                OCTOSPI2_IRQHandler
                0x000000000800a300                DFSDM1_FLT3_IRQHandler
                0x000000000800a300                TIM23_IRQHandler
                0x000000000800a300                USART6_IRQHandler
                0x000000000800a300                TIM17_IRQHandler
                0x000000000800a300                USART3_IRQHandler
                0x000000000800a300                BDMA_Channel7_IRQHandler
                0x000000000800a300                CRYP_IRQHandler
                0x000000000800a300                LPTIM5_IRQHandler
                0x000000000800a300                UART5_IRQHandler
                0x000000000800a300                ADC3_IRQHandler
                0x000000000800a300                DMA2_Stream0_IRQHandler
                0x000000000800a300                TIM4_IRQHandler
                0x000000000800a300                BDMA_Channel2_IRQHandler
                0x000000000800a300                I2C1_EV_IRQHandler
                0x000000000800a300                DMA1_Stream6_IRQHandler
                0x000000000800a300                TIM16_IRQHandler
                0x000000000800a300                UART4_IRQHandler
                0x000000000800a300                BDMA_Channel5_IRQHandler
                0x000000000800a300                TIM3_IRQHandler
                0x000000000800a300                RCC_IRQHandler
                0x000000000800a300                UART9_IRQHandler
                0x000000000800a300                TIM8_BRK_TIM12_IRQHandler
                0x000000000800a300                TIM1_TRG_COM_IRQHandler
                0x000000000800a300                Default_Handler
                0x000000000800a300                ECC_IRQHandler
                0x000000000800a300                FMAC_IRQHandler
                0x000000000800a300                CEC_IRQHandler
                0x000000000800a300                EXTI15_10_IRQHandler
                0x000000000800a300                BDMA_Channel0_IRQHandler
                0x000000000800a300                ADC_IRQHandler
                0x000000000800a300                I2C5_ER_IRQHandler
                0x000000000800a300                OTFDEC1_IRQHandler
                0x000000000800a300                DMA1_Stream7_IRQHandler
                0x000000000800a300                SPI5_IRQHandler
                0x000000000800a300                TIM7_IRQHandler
                0x000000000800a300                FDCAN3_IT1_IRQHandler
                0x000000000800a300                SDMMC1_IRQHandler
                0x000000000800a300                TIM5_IRQHandler
                0x000000000800a300                DMA2_Stream7_IRQHandler
                0x000000000800a300                TIM15_IRQHandler
                0x000000000800a300                PVD_AVD_IRQHandler
                0x000000000800a300                I2C3_EV_IRQHandler
                0x000000000800a300                EXTI9_5_IRQHandler
                0x000000000800a300                RTC_WKUP_IRQHandler
                0x000000000800a300                LTDC_IRQHandler
                0x000000000800a300                ETH_WKUP_IRQHandler
                0x000000000800a300                SPDIF_RX_IRQHandler
                0x000000000800a300                SPI2_IRQHandler
                0x000000000800a300                OTG_HS_EP1_IN_IRQHandler
                0x000000000800a300                DMA1_Stream0_IRQHandler
                0x000000000800a300                OTFDEC2_IRQHandler
                0x000000000800a300                TIM24_IRQHandler
                0x000000000800a300                CRS_IRQHandler
                0x000000000800a300                EXTI4_IRQHandler
                0x000000000800a300                FDCAN2_IT1_IRQHandler
                0x000000000800a300                ETH_IRQHandler
                0x000000000800a300                TIM1_UP_IRQHandler
                0x000000000800a300                BDMA_Channel4_IRQHandler
                0x000000000800a300                OTG_HS_EP1_OUT_IRQHandler
                0x000000000800a300                WWDG_IRQHandler
                0x000000000800a300                SPI6_IRQHandler
                0x000000000800a300                MDIOS_IRQHandler
                0x000000000800a300                I2C4_EV_IRQHandler
                0x000000000800a300                FDCAN2_IT0_IRQHandler
                0x000000000800a300                LPUART1_IRQHandler
                0x000000000800a300                FDCAN1_IT0_IRQHandler
                0x000000000800a300                TIM2_IRQHandler
                0x000000000800a300                OTG_HS_IRQHandler
                0x000000000800a300                DMA2D_IRQHandler
                0x000000000800a300                TIM1_BRK_IRQHandler
                0x000000000800a300                EXTI1_IRQHandler
                0x000000000800a300                SDMMC2_IRQHandler
                0x000000000800a300                BDMA_Channel3_IRQHandler
                0x000000000800a300                DTS_IRQHandler
                0x000000000800a300                UART7_IRQHandler
                0x000000000800a300                MDIOS_WKUP_IRQHandler
                0x000000000800a300                USART2_IRQHandler
                0x000000000800a300                DFSDM1_FLT0_IRQHandler
                0x000000000800a300                I2C2_ER_IRQHandler
                0x000000000800a300                DMA2_Stream1_IRQHandler
                0x000000000800a300                FLASH_IRQHandler
                0x000000000800a300                DMA2_Stream4_IRQHandler
                0x000000000800a300                USART1_IRQHandler
                0x000000000800a300                SPI3_IRQHandler
                0x000000000800a300                WAKEUP_PIN_IRQHandler
                0x000000000800a300                DMA1_Stream4_IRQHandler
                0x000000000800a300                I2C1_ER_IRQHandler
                0x000000000800a300                FMC_IRQHandler
                0x000000000800a300                FDCAN_CAL_IRQHandler
                0x000000000800a300                SWPMI1_IRQHandler
                0x000000000800a300                COMP1_IRQHandler
                0x000000000800a300                LPTIM1_IRQHandler
                0x000000000800a300                DCMI_PSSI_IRQHandler
                0x000000000800a300                I2C4_ER_IRQHandler
                0x000000000800a300                DMA2_Stream6_IRQHandler
                0x000000000800a300                RTC_Alarm_IRQHandler
 *fill*         0x000000000800a302        0x2 
 .text.D16_GENERIC
                0x000000000800a304      0x110 ../Middlewares/ST/STM32_Audio/Addons/PDM/Lib/libPDMFilter_CM7_GCC_wc32.a(pdm_filter.o)
 .text.D24_GENERIC
                0x000000000800a414      0x178 ../Middlewares/ST/STM32_Audio/Addons/PDM/Lib/libPDMFilter_CM7_GCC_wc32.a(pdm_filter.o)
 .text.D32_GENERIC
                0x000000000800a58c      0x188 ../Middlewares/ST/STM32_Audio/Addons/PDM/Lib/libPDMFilter_CM7_GCC_wc32.a(pdm_filter.o)
 .text.D48_GENERIC
                0x000000000800a714      0x1e4 ../Middlewares/ST/STM32_Audio/Addons/PDM/Lib/libPDMFilter_CM7_GCC_wc32.a(pdm_filter.o)
 .text.D64_GENERIC
                0x000000000800a8f8      0x238 ../Middlewares/ST/STM32_Audio/Addons/PDM/Lib/libPDMFilter_CM7_GCC_wc32.a(pdm_filter.o)
 .text.D80_GENERIC
                0x000000000800ab30      0x298 ../Middlewares/ST/STM32_Audio/Addons/PDM/Lib/libPDMFilter_CM7_GCC_wc32.a(pdm_filter.o)
 .text.D128_GENERIC
                0x000000000800adc8      0x3b8 ../Middlewares/ST/STM32_Audio/Addons/PDM/Lib/libPDMFilter_CM7_GCC_wc32.a(pdm_filter.o)
 .text.D16_1CH_HTONS_VOL_HP
                0x000000000800b180       0xe0 ../Middlewares/ST/STM32_Audio/Addons/PDM/Lib/libPDMFilter_CM7_GCC_wc32.a(pdm_filter.o)
 .text.D24_1CH_HTONS_VOL_HP
                0x000000000800b260      0x13c ../Middlewares/ST/STM32_Audio/Addons/PDM/Lib/libPDMFilter_CM7_GCC_wc32.a(pdm_filter.o)
 .text.D32_1CH_HTONS_VOL_HP
                0x000000000800b39c      0x12c ../Middlewares/ST/STM32_Audio/Addons/PDM/Lib/libPDMFilter_CM7_GCC_wc32.a(pdm_filter.o)
 .text.D48_1CH_HTONS_VOL_HP
                0x000000000800b4c8      0x16c ../Middlewares/ST/STM32_Audio/Addons/PDM/Lib/libPDMFilter_CM7_GCC_wc32.a(pdm_filter.o)
 .text.D64_1CH_HTONS_VOL_HP
                0x000000000800b634      0x1ac ../Middlewares/ST/STM32_Audio/Addons/PDM/Lib/libPDMFilter_CM7_GCC_wc32.a(pdm_filter.o)
 .text.D80_1CH_HTONS_VOL_HP
                0x000000000800b7e0      0x1fc ../Middlewares/ST/STM32_Audio/Addons/PDM/Lib/libPDMFilter_CM7_GCC_wc32.a(pdm_filter.o)
 .text.D128_1CH_HTONS_VOL_HP
                0x000000000800b9dc      0x2ec ../Middlewares/ST/STM32_Audio/Addons/PDM/Lib/libPDMFilter_CM7_GCC_wc32.a(pdm_filter.o)
 .text.PDM_Filter_Init
                0x000000000800bcc8      0x1a0 ../Middlewares/ST/STM32_Audio/Addons/PDM/Lib/libPDMFilter_CM7_GCC_wc32.a(pdm_filter.o)
                0x000000000800bcc8                PDM_Filter_Init
 .text.PDM_Filter_setConfig
                0x000000000800be68      0x1f4 ../Middlewares/ST/STM32_Audio/Addons/PDM/Lib/libPDMFilter_CM7_GCC_wc32.a(pdm_filter.o)
                0x000000000800be68                PDM_Filter_setConfig
 .text.__errno  0x000000000800c05c        0xc /Applications/STM32CubeIDE.app/Contents/Eclipse/plugins/com.st.stm32cube.ide.mcu.externaltools.gnu-tools-for-stm32.9-2020-q2-update.macos64_2.0.0.202105311346/tools/bin/../lib/gcc/arm-none-eabi/9.3.1/../../../../arm-none-eabi/lib/thumb/v7e-m+dp/hard/libc_nano.a(lib_a-errno.o)
                0x000000000800c05c                __errno
 .text.__libc_init_array
                0x000000000800c068       0x48 /Applications/STM32CubeIDE.app/Contents/Eclipse/plugins/com.st.stm32cube.ide.mcu.externaltools.gnu-tools-for-stm32.9-2020-q2-update.macos64_2.0.0.202105311346/tools/bin/../lib/gcc/arm-none-eabi/9.3.1/../../../../arm-none-eabi/lib/thumb/v7e-m+dp/hard/libc_nano.a(lib_a-init.o)
                0x000000000800c068                __libc_init_array
 .text.memset   0x000000000800c0b0       0x10 /Applications/STM32CubeIDE.app/Contents/Eclipse/plugins/com.st.stm32cube.ide.mcu.externaltools.gnu-tools-for-stm32.9-2020-q2-update.macos64_2.0.0.202105311346/tools/bin/../lib/gcc/arm-none-eabi/9.3.1/../../../../arm-none-eabi/lib/thumb/v7e-m+dp/hard/libc_nano.a(lib_a-memset.o)
                0x000000000800c0b0                memset
 .text.checkint
                0x000000000800c0c0       0x2e /Applications/STM32CubeIDE.app/Contents/Eclipse/plugins/com.st.stm32cube.ide.mcu.externaltools.gnu-tools-for-stm32.9-2020-q2-update.macos64_2.0.0.202105311346/tools/bin/../lib/gcc/arm-none-eabi/9.3.1/../../../../arm-none-eabi/lib/thumb/v7e-m+dp/hard/libm.a(lib_a-sf_pow.o)
 *fill*         0x000000000800c0ee        0x2 
 .text.powf     0x000000000800c0f0      0x2c8 /Applications/STM32CubeIDE.app/Contents/Eclipse/plugins/com.st.stm32cube.ide.mcu.externaltools.gnu-tools-for-stm32.9-2020-q2-update.macos64_2.0.0.202105311346/tools/bin/../lib/gcc/arm-none-eabi/9.3.1/../../../../arm-none-eabi/lib/thumb/v7e-m+dp/hard/libm.a(lib_a-sf_pow.o)
                0x000000000800c0f0                powf
 .text.with_errnof
                0x000000000800c3b8       0x16 /Applications/STM32CubeIDE.app/Contents/Eclipse/plugins/com.st.stm32cube.ide.mcu.externaltools.gnu-tools-for-stm32.9-2020-q2-update.macos64_2.0.0.202105311346/tools/bin/../lib/gcc/arm-none-eabi/9.3.1/../../../../arm-none-eabi/lib/thumb/v7e-m+dp/hard/libm.a(lib_a-math_errf.o)
 .text.xflowf   0x000000000800c3ce       0x16 /Applications/STM32CubeIDE.app/Contents/Eclipse/plugins/com.st.stm32cube.ide.mcu.externaltools.gnu-tools-for-stm32.9-2020-q2-update.macos64_2.0.0.202105311346/tools/bin/../lib/gcc/arm-none-eabi/9.3.1/../../../../arm-none-eabi/lib/thumb/v7e-m+dp/hard/libm.a(lib_a-math_errf.o)
 .text.__math_uflowf
                0x000000000800c3e4        0xc /Applications/STM32CubeIDE.app/Contents/Eclipse/plugins/com.st.stm32cube.ide.mcu.externaltools.gnu-tools-for-stm32.9-2020-q2-update.macos64_2.0.0.202105311346/tools/bin/../lib/gcc/arm-none-eabi/9.3.1/../../../../arm-none-eabi/lib/thumb/v7e-m+dp/hard/libm.a(lib_a-math_errf.o)
                0x000000000800c3e4                __math_uflowf
 .text.__math_may_uflowf
                0x000000000800c3f0        0xc /Applications/STM32CubeIDE.app/Contents/Eclipse/plugins/com.st.stm32cube.ide.mcu.externaltools.gnu-tools-for-stm32.9-2020-q2-update.macos64_2.0.0.202105311346/tools/bin/../lib/gcc/arm-none-eabi/9.3.1/../../../../arm-none-eabi/lib/thumb/v7e-m+dp/hard/libm.a(lib_a-math_errf.o)
                0x000000000800c3f0                __math_may_uflowf
 .text.__math_oflowf
                0x000000000800c3fc        0xc /Applications/STM32CubeIDE.app/Contents/Eclipse/plugins/com.st.stm32cube.ide.mcu.externaltools.gnu-tools-for-stm32.9-2020-q2-update.macos64_2.0.0.202105311346/tools/bin/../lib/gcc/arm-none-eabi/9.3.1/../../../../arm-none-eabi/lib/thumb/v7e-m+dp/hard/libm.a(lib_a-math_errf.o)
                0x000000000800c3fc                __math_oflowf
 .text.__math_divzerof
                0x000000000800c408       0x20 /Applications/STM32CubeIDE.app/Contents/Eclipse/plugins/com.st.stm32cube.ide.mcu.externaltools.gnu-tools-for-stm32.9-2020-q2-update.macos64_2.0.0.202105311346/tools/bin/../lib/gcc/arm-none-eabi/9.3.1/../../../../arm-none-eabi/lib/thumb/v7e-m+dp/hard/libm.a(lib_a-math_errf.o)
                0x000000000800c408                __math_divzerof
 .text.__math_invalidf
                0x000000000800c428       0x1e /Applications/STM32CubeIDE.app/Contents/Eclipse/plugins/com.st.stm32cube.ide.mcu.externaltools.gnu-tools-for-stm32.9-2020-q2-update.macos64_2.0.0.202105311346/tools/bin/../lib/gcc/arm-none-eabi/9.3.1/../../../../arm-none-eabi/lib/thumb/v7e-m+dp/hard/libm.a(lib_a-math_errf.o)
                0x000000000800c428                __math_invalidf
 *(.glue_7)
 .glue_7        0x000000000800c446        0x0 linker stubs
 *(.glue_7t)
 .glue_7t       0x000000000800c446        0x0 linker stubs
 *(.eh_frame)
 *fill*         0x000000000800c446        0x2 
 .eh_frame      0x000000000800c448        0x0 /Applications/STM32CubeIDE.app/Contents/Eclipse/plugins/com.st.stm32cube.ide.mcu.externaltools.gnu-tools-for-stm32.9-2020-q2-update.macos64_2.0.0.202105311346/tools/bin/../lib/gcc/arm-none-eabi/9.3.1/thumb/v7e-m+dp/hard/crtbegin.o
 *(.init)
 .init          0x000000000800c448        0x4 /Applications/STM32CubeIDE.app/Contents/Eclipse/plugins/com.st.stm32cube.ide.mcu.externaltools.gnu-tools-for-stm32.9-2020-q2-update.macos64_2.0.0.202105311346/tools/bin/../lib/gcc/arm-none-eabi/9.3.1/thumb/v7e-m+dp/hard/crti.o
                0x000000000800c448                _init
 .init          0x000000000800c44c        0x8 /Applications/STM32CubeIDE.app/Contents/Eclipse/plugins/com.st.stm32cube.ide.mcu.externaltools.gnu-tools-for-stm32.9-2020-q2-update.macos64_2.0.0.202105311346/tools/bin/../lib/gcc/arm-none-eabi/9.3.1/thumb/v7e-m+dp/hard/crtn.o
 *(.fini)
 .fini          0x000000000800c454        0x4 /Applications/STM32CubeIDE.app/Contents/Eclipse/plugins/com.st.stm32cube.ide.mcu.externaltools.gnu-tools-for-stm32.9-2020-q2-update.macos64_2.0.0.202105311346/tools/bin/../lib/gcc/arm-none-eabi/9.3.1/thumb/v7e-m+dp/hard/crti.o
                0x000000000800c454                _fini
 .fini          0x000000000800c458        0x8 /Applications/STM32CubeIDE.app/Contents/Eclipse/plugins/com.st.stm32cube.ide.mcu.externaltools.gnu-tools-for-stm32.9-2020-q2-update.macos64_2.0.0.202105311346/tools/bin/../lib/gcc/arm-none-eabi/9.3.1/thumb/v7e-m+dp/hard/crtn.o
                0x000000000800c460                . = ALIGN (0x4)
                0x000000000800c460                _etext = .

.vfp11_veneer   0x000000000800c460        0x0
 .vfp11_veneer  0x000000000800c460        0x0 linker stubs

.v4_bx          0x000000000800c460        0x0
 .v4_bx         0x000000000800c460        0x0 linker stubs

.iplt           0x000000000800c460        0x0
 .iplt          0x000000000800c460        0x0 /Applications/STM32CubeIDE.app/Contents/Eclipse/plugins/com.st.stm32cube.ide.mcu.externaltools.gnu-tools-for-stm32.9-2020-q2-update.macos64_2.0.0.202105311346/tools/bin/../lib/gcc/arm-none-eabi/9.3.1/thumb/v7e-m+dp/hard/crtbegin.o

.rodata         0x000000000800c460      0x340
                0x000000000800c460                . = ALIGN (0x4)
 *(.rodata)
 .rodata        0x000000000800c460       0x78 ./Drivers/BSP/STM32H735G-DK/stm32h735g_discovery_audio.o
 .rodata        0x000000000800c4d8       0x38 ../Middlewares/ST/STM32_Audio/Addons/PDM/Lib/libPDMFilter_CM7_GCC_wc32.a(pdm_filter.o)
 *(.rodata*)
 .rodata.LED_PIN
                0x000000000800c510        0x8 ./Drivers/BSP/STM32H735G-DK/stm32h735g_discovery.o
 .rodata.flagBitshiftOffset.12256
                0x000000000800c518        0x8 ./Drivers/STM32H7xx_HAL_Driver/Src/stm32h7xx_hal_dma.o
 .rodata.D1CorePrescTable
                0x000000000800c520       0x10 ./Src/system_stm32h7xx.o
                0x000000000800c520                D1CorePrescTable
 .rodata.__powf_log2_data
                0x000000000800c530      0x128 /Applications/STM32CubeIDE.app/Contents/Eclipse/plugins/com.st.stm32cube.ide.mcu.externaltools.gnu-tools-for-stm32.9-2020-q2-update.macos64_2.0.0.202105311346/tools/bin/../lib/gcc/arm-none-eabi/9.3.1/../../../../arm-none-eabi/lib/thumb/v7e-m+dp/hard/libm.a(lib_a-sf_pow_log2_data.o)
                0x000000000800c530                __powf_log2_data
 .rodata.__exp2f_data
                0x000000000800c658      0x148 /Applications/STM32CubeIDE.app/Contents/Eclipse/plugins/com.st.stm32cube.ide.mcu.externaltools.gnu-tools-for-stm32.9-2020-q2-update.macos64_2.0.0.202105311346/tools/bin/../lib/gcc/arm-none-eabi/9.3.1/../../../../arm-none-eabi/lib/thumb/v7e-m+dp/hard/libm.a(lib_a-sf_exp2_data.o)
                0x000000000800c658                __exp2f_data
                0x000000000800c7a0                . = ALIGN (0x4)

.rel.dyn        0x000000000800c7a0        0x0
 .rel.iplt      0x000000000800c7a0        0x0 /Applications/STM32CubeIDE.app/Contents/Eclipse/plugins/com.st.stm32cube.ide.mcu.externaltools.gnu-tools-for-stm32.9-2020-q2-update.macos64_2.0.0.202105311346/tools/bin/../lib/gcc/arm-none-eabi/9.3.1/thumb/v7e-m+dp/hard/crtbegin.o

.ARM.extab
 *(.ARM.extab* .gnu.linkonce.armextab.*)

.ARM            0x000000000800c7a0        0x0
                0x000000000800c7a0                __exidx_start = .
 *(.ARM.exidx*)
                0x000000000800c7a0                __exidx_end = .

.preinit_array  0x000000000800c7a0        0x0
                0x000000000800c7a0                PROVIDE (__preinit_array_start = .)
 *(.preinit_array*)
                0x000000000800c7a0                PROVIDE (__preinit_array_end = .)

.init_array     0x000000000800c7a0        0x4
                0x000000000800c7a0                PROVIDE (__init_array_start = .)
 *(SORT_BY_NAME(.init_array.*))
 *(.init_array*)
 .init_array    0x000000000800c7a0        0x4 /Applications/STM32CubeIDE.app/Contents/Eclipse/plugins/com.st.stm32cube.ide.mcu.externaltools.gnu-tools-for-stm32.9-2020-q2-update.macos64_2.0.0.202105311346/tools/bin/../lib/gcc/arm-none-eabi/9.3.1/thumb/v7e-m+dp/hard/crtbegin.o
                0x000000000800c7a4                PROVIDE (__init_array_end = .)

.fini_array     0x000000000800c7a4        0x4
                [!provide]                        PROVIDE (__fini_array_start = .)
 *(SORT_BY_NAME(.fini_array.*))
 *(.fini_array*)
 .fini_array    0x000000000800c7a4        0x4 /Applications/STM32CubeIDE.app/Contents/Eclipse/plugins/com.st.stm32cube.ide.mcu.externaltools.gnu-tools-for-stm32.9-2020-q2-update.macos64_2.0.0.202105311346/tools/bin/../lib/gcc/arm-none-eabi/9.3.1/thumb/v7e-m+dp/hard/crtbegin.o
                [!provide]                        PROVIDE (__fini_array_end = .)
                0x000000000800c7a8                _sidata = LOADADDR (.data)

.data           0x0000000024000000      0x47c load address 0x000000000800c7a8
                0x0000000024000000                . = ALIGN (0x4)
                0x0000000024000000                _sdata = .
 *(.data)
 .data          0x0000000024000000      0x400 ../Middlewares/ST/STM32_Audio/Addons/PDM/Lib/libPDMFilter_CM7_GCC_wc32.a(pdm_filter.o)
 *(.data*)
 .data.LED_PORT
                0x0000000024000400        0x8 ./Drivers/BSP/STM32H735G-DK/stm32h735g_discovery.o
 .data.uwTickPrio
                0x0000000024000408        0x4 ./Drivers/STM32H7xx_HAL_Driver/Src/stm32h7xx_hal.o
                0x0000000024000408                uwTickPrio
 .data.uwTickFreq
                0x000000002400040c        0x1 ./Drivers/STM32H7xx_HAL_Driver/Src/stm32h7xx_hal.o
                0x000000002400040c                uwTickFreq
 *fill*         0x000000002400040d        0x3 
 .data.SystemCoreClock
                0x0000000024000410        0x4 ./Src/system_stm32h7xx.o
                0x0000000024000410                SystemCoreClock
 .data.SystemD2Clock
                0x0000000024000414        0x4 ./Src/system_stm32h7xx.o
                0x0000000024000414                SystemD2Clock
 .data._impure_ptr
                0x0000000024000418        0x4 /Applications/STM32CubeIDE.app/Contents/Eclipse/plugins/com.st.stm32cube.ide.mcu.externaltools.gnu-tools-for-stm32.9-2020-q2-update.macos64_2.0.0.202105311346/tools/bin/../lib/gcc/arm-none-eabi/9.3.1/../../../../arm-none-eabi/lib/thumb/v7e-m+dp/hard/libc_nano.a(lib_a-impure.o)
                0x0000000024000418                _impure_ptr
 .data.impure_data
                0x000000002400041c       0x60 /Applications/STM32CubeIDE.app/Contents/Eclipse/plugins/com.st.stm32cube.ide.mcu.externaltools.gnu-tools-for-stm32.9-2020-q2-update.macos64_2.0.0.202105311346/tools/bin/../lib/gcc/arm-none-eabi/9.3.1/../../../../arm-none-eabi/lib/thumb/v7e-m+dp/hard/libc_nano.a(lib_a-impure.o)
 *(.RamFunc)
 *(.RamFunc*)
                0x000000002400047c                . = ALIGN (0x4)
                0x000000002400047c                _edata = .

.igot.plt       0x000000002400047c        0x0 load address 0x000000000800cc24
 .igot.plt      0x000000002400047c        0x0 /Applications/STM32CubeIDE.app/Contents/Eclipse/plugins/com.st.stm32cube.ide.mcu.externaltools.gnu-tools-for-stm32.9-2020-q2-update.macos64_2.0.0.202105311346/tools/bin/../lib/gcc/arm-none-eabi/9.3.1/thumb/v7e-m+dp/hard/crtbegin.o
                0x000000002400047c                . = ALIGN (0x4)

.bss            0x000000002400047c      0xb4c load address 0x000000000800cc24
                0x000000002400047c                _sbss = .
                0x000000002400047c                __bss_start__ = _sbss
 *(.bss)
 .bss           0x000000002400047c       0x1c /Applications/STM32CubeIDE.app/Contents/Eclipse/plugins/com.st.stm32cube.ide.mcu.externaltools.gnu-tools-for-stm32.9-2020-q2-update.macos64_2.0.0.202105311346/tools/bin/../lib/gcc/arm-none-eabi/9.3.1/thumb/v7e-m+dp/hard/crtbegin.o
 .bss           0x0000000024000498        0x1 ../Middlewares/ST/STM32_Audio/Addons/PDM/Lib/libPDMFilter_CM7_GCC_wc32.a(pdm_filter.o)
 *(.bss*)
 *fill*         0x0000000024000499        0x3 
 .bss.Audio_CompObj
                0x000000002400049c        0x4 ./Drivers/BSP/STM32H735G-DK/stm32h735g_discovery_audio.o
                0x000000002400049c                Audio_CompObj
 .bss.haudio_out_sai
                0x00000000240004a0       0x98 ./Drivers/BSP/STM32H735G-DK/stm32h735g_discovery_audio.o
                0x00000000240004a0                haudio_out_sai
 .bss.haudio_in_sai
                0x0000000024000538      0x130 ./Drivers/BSP/STM32H735G-DK/stm32h735g_discovery_audio.o
                0x0000000024000538                haudio_in_sai
 .bss.Audio_Drv
                0x0000000024000668        0x4 ./Drivers/BSP/STM32H735G-DK/stm32h735g_discovery_audio.o
 .bss.hDmaDfsdm
                0x000000002400066c      0x1e0 ./Drivers/BSP/STM32H735G-DK/stm32h735g_discovery_audio.o
 .bss.PDM_FilterHandler
                0x000000002400084c       0x98 ./Drivers/BSP/STM32H735G-DK/stm32h735g_discovery_audio.o
 .bss.PDM_FilterConfig
                0x00000000240008e4        0xc ./Drivers/BSP/STM32H735G-DK/stm32h735g_discovery_audio.o
 .bss.hdma_sai_tx.12293
                0x00000000240008f0       0x78 ./Drivers/BSP/STM32H735G-DK/stm32h735g_discovery_audio.o
 .bss.hdma_sai_rx.12294
                0x0000000024000968       0x78 ./Drivers/BSP/STM32H735G-DK/stm32h735g_discovery_audio.o
 .bss.v_dfsdm1ChannelCounter
                0x00000000240009e0        0x4 ./Drivers/STM32H7xx_HAL_Driver/Src/stm32h7xx_hal_dfsdm.o
 .bss.a_dfsdm1ChannelHandle
                0x00000000240009e4       0x20 ./Drivers/STM32H7xx_HAL_Driver/Src/stm32h7xx_hal_dfsdm.o
 .bss.DFSDM1_Init
                0x0000000024000a04        0x4 ./Src/stm32h7xx_hal_msp.o
 .bss.SAI1_client
                0x0000000024000a08        0x4 ./Src/stm32h7xx_hal_msp.o
 .bss.SAI4_client
                0x0000000024000a0c        0x4 ./Src/stm32h7xx_hal_msp.o
 *(COMMON)
 COMMON         0x0000000024000a10      0x2e4 ./Drivers/BSP/STM32H735G-DK/stm32h735g_discovery_audio.o
                0x0000000024000a10                haudio_in_dfsdm_channel
                0x0000000024000af0                haudio_in_dfsdm_filter
                0x0000000024000c40                Audio_Out_Ctx
                0x0000000024000c64                Audio_In_Ctx
 COMMON         0x0000000024000cf4        0x4 ./Drivers/STM32H7xx_HAL_Driver/Src/stm32h7xx_hal.o
                0x0000000024000cf4                uwTick
 COMMON         0x0000000024000cf8      0x27c ./Src/main.o
                0x0000000024000cf8                hcrc
                0x0000000024000d1c                hsai_BlockB1
                0x0000000024000db4                hsai_BlockA4
                0x0000000024000e4c                hdma_sai4_a
                0x0000000024000ec4                hdfsdm1_channel0
                0x0000000024000efc                hdma_sai1_b
 COMMON         0x0000000024000f74       0x54 ./Src/pdm2pcm.o
                0x0000000024000f74                PDM1_filter_config
                0x0000000024000f7c                PDM1_filter_handler
                0x0000000024000fc8                . = ALIGN (0x4)
                0x0000000024000fc8                _ebss = .
                0x0000000024000fc8                __bss_end__ = _ebss

._user_heap_stack
                0x0000000024000fc8      0x600 load address 0x000000000800cc24
                0x0000000024000fc8                . = ALIGN (0x8)
                [!provide]                        PROVIDE (end = .)
                0x0000000024000fc8                PROVIDE (_end = .)
                0x00000000240011c8                . = (. + _Min_Heap_Size)
 *fill*         0x0000000024000fc8      0x200 
                0x00000000240015c8                . = (. + _Min_Stack_Size)
 *fill*         0x00000000240011c8      0x400 
                0x00000000240015c8                . = ALIGN (0x8)

/DISCARD/
 libc.a(*)
 libm.a(*)
 libgcc.a(*)

.ARM.attributes
                0x0000000000000000       0x2e
 *(.ARM.attributes)
 .ARM.attributes
                0x0000000000000000       0x1e /Applications/STM32CubeIDE.app/Contents/Eclipse/plugins/com.st.stm32cube.ide.mcu.externaltools.gnu-tools-for-stm32.9-2020-q2-update.macos64_2.0.0.202105311346/tools/bin/../lib/gcc/arm-none-eabi/9.3.1/thumb/v7e-m+dp/hard/crti.o
 .ARM.attributes
                0x000000000000001e       0x32 /Applications/STM32CubeIDE.app/Contents/Eclipse/plugins/com.st.stm32cube.ide.mcu.externaltools.gnu-tools-for-stm32.9-2020-q2-update.macos64_2.0.0.202105311346/tools/bin/../lib/gcc/arm-none-eabi/9.3.1/thumb/v7e-m+dp/hard/crtbegin.o
 .ARM.attributes
                0x0000000000000050       0x32 ./Drivers/BSP/STM32H735G-DK/stm32h735g_discovery.o
 .ARM.attributes
                0x0000000000000082       0x32 ./Drivers/BSP/STM32H735G-DK/stm32h735g_discovery_audio.o
 .ARM.attributes
                0x00000000000000b4       0x32 ./Drivers/STM32H7xx_HAL_Driver/Src/stm32h7xx_hal.o
 .ARM.attributes
                0x00000000000000e6       0x32 ./Drivers/STM32H7xx_HAL_Driver/Src/stm32h7xx_hal_cortex.o
 .ARM.attributes
                0x0000000000000118       0x32 ./Drivers/STM32H7xx_HAL_Driver/Src/stm32h7xx_hal_crc.o
 .ARM.attributes
                0x000000000000014a       0x32 ./Drivers/STM32H7xx_HAL_Driver/Src/stm32h7xx_hal_crc_ex.o
 .ARM.attributes
                0x000000000000017c       0x32 ./Drivers/STM32H7xx_HAL_Driver/Src/stm32h7xx_hal_dfsdm.o
 .ARM.attributes
                0x00000000000001ae       0x32 ./Drivers/STM32H7xx_HAL_Driver/Src/stm32h7xx_hal_dma.o
 .ARM.attributes
                0x00000000000001e0       0x32 ./Drivers/STM32H7xx_HAL_Driver/Src/stm32h7xx_hal_dma_ex.o
 .ARM.attributes
                0x0000000000000212       0x32 ./Drivers/STM32H7xx_HAL_Driver/Src/stm32h7xx_hal_gpio.o
 .ARM.attributes
                0x0000000000000244       0x32 ./Drivers/STM32H7xx_HAL_Driver/Src/stm32h7xx_hal_pwr_ex.o
 .ARM.attributes
                0x0000000000000276       0x32 ./Drivers/STM32H7xx_HAL_Driver/Src/stm32h7xx_hal_rcc.o
 .ARM.attributes
                0x00000000000002a8       0x32 ./Drivers/STM32H7xx_HAL_Driver/Src/stm32h7xx_hal_rcc_ex.o
 .ARM.attributes
                0x00000000000002da       0x32 ./Drivers/STM32H7xx_HAL_Driver/Src/stm32h7xx_hal_sai.o
 .ARM.attributes
                0x000000000000030c       0x32 ./Src/main.o
 .ARM.attributes
                0x000000000000033e       0x32 ./Src/pdm2pcm.o
 .ARM.attributes
                0x0000000000000370       0x32 ./Src/stm32h7xx_hal_msp.o
 .ARM.attributes
                0x00000000000003a2       0x32 ./Src/stm32h7xx_it.o
 .ARM.attributes
                0x00000000000003d4       0x32 ./Src/system_stm32h7xx.o
 .ARM.attributes
                0x0000000000000406       0x21 ./Startup/startup_stm32h735igkx.o
 .ARM.attributes
                0x0000000000000427       0x35 ../Middlewares/ST/STM32_Audio/Addons/PDM/Lib/libPDMFilter_CM7_GCC_wc32.a(pdm_filter.o)
 .ARM.attributes
                0x000000000000045c       0x32 /Applications/STM32CubeIDE.app/Contents/Eclipse/plugins/com.st.stm32cube.ide.mcu.externaltools.gnu-tools-for-stm32.9-2020-q2-update.macos64_2.0.0.202105311346/tools/bin/../lib/gcc/arm-none-eabi/9.3.1/../../../../arm-none-eabi/lib/thumb/v7e-m+dp/hard/libc_nano.a(lib_a-errno.o)
 .ARM.attributes
                0x000000000000048e       0x30 /Applications/STM32CubeIDE.app/Contents/Eclipse/plugins/com.st.stm32cube.ide.mcu.externaltools.gnu-tools-for-stm32.9-2020-q2-update.macos64_2.0.0.202105311346/tools/bin/../lib/gcc/arm-none-eabi/9.3.1/../../../../arm-none-eabi/lib/thumb/v7e-m+dp/hard/libc_nano.a(lib_a-impure.o)
 .ARM.attributes
                0x00000000000004be       0x32 /Applications/STM32CubeIDE.app/Contents/Eclipse/plugins/com.st.stm32cube.ide.mcu.externaltools.gnu-tools-for-stm32.9-2020-q2-update.macos64_2.0.0.202105311346/tools/bin/../lib/gcc/arm-none-eabi/9.3.1/../../../../arm-none-eabi/lib/thumb/v7e-m+dp/hard/libc_nano.a(lib_a-init.o)
 .ARM.attributes
                0x00000000000004f0       0x32 /Applications/STM32CubeIDE.app/Contents/Eclipse/plugins/com.st.stm32cube.ide.mcu.externaltools.gnu-tools-for-stm32.9-2020-q2-update.macos64_2.0.0.202105311346/tools/bin/../lib/gcc/arm-none-eabi/9.3.1/../../../../arm-none-eabi/lib/thumb/v7e-m+dp/hard/libc_nano.a(lib_a-memset.o)
 .ARM.attributes
                0x0000000000000522       0x32 /Applications/STM32CubeIDE.app/Contents/Eclipse/plugins/com.st.stm32cube.ide.mcu.externaltools.gnu-tools-for-stm32.9-2020-q2-update.macos64_2.0.0.202105311346/tools/bin/../lib/gcc/arm-none-eabi/9.3.1/../../../../arm-none-eabi/lib/thumb/v7e-m+dp/hard/libm.a(lib_a-sf_pow.o)
 .ARM.attributes
                0x0000000000000554       0x30 /Applications/STM32CubeIDE.app/Contents/Eclipse/plugins/com.st.stm32cube.ide.mcu.externaltools.gnu-tools-for-stm32.9-2020-q2-update.macos64_2.0.0.202105311346/tools/bin/../lib/gcc/arm-none-eabi/9.3.1/../../../../arm-none-eabi/lib/thumb/v7e-m+dp/hard/libm.a(lib_a-sf_pow_log2_data.o)
 .ARM.attributes
                0x0000000000000584       0x32 /Applications/STM32CubeIDE.app/Contents/Eclipse/plugins/com.st.stm32cube.ide.mcu.externaltools.gnu-tools-for-stm32.9-2020-q2-update.macos64_2.0.0.202105311346/tools/bin/../lib/gcc/arm-none-eabi/9.3.1/../../../../arm-none-eabi/lib/thumb/v7e-m+dp/hard/libm.a(lib_a-math_errf.o)
 .ARM.attributes
                0x00000000000005b6       0x30 /Applications/STM32CubeIDE.app/Contents/Eclipse/plugins/com.st.stm32cube.ide.mcu.externaltools.gnu-tools-for-stm32.9-2020-q2-update.macos64_2.0.0.202105311346/tools/bin/../lib/gcc/arm-none-eabi/9.3.1/../../../../arm-none-eabi/lib/thumb/v7e-m+dp/hard/libm.a(lib_a-sf_exp2_data.o)
 .ARM.attributes
                0x00000000000005e6       0x1e /Applications/STM32CubeIDE.app/Contents/Eclipse/plugins/com.st.stm32cube.ide.mcu.externaltools.gnu-tools-for-stm32.9-2020-q2-update.macos64_2.0.0.202105311346/tools/bin/../lib/gcc/arm-none-eabi/9.3.1/thumb/v7e-m+dp/hard/crtn.o
OUTPUT(mic.elf elf32-littlearm)
LOAD linker stubs
LOAD /Applications/STM32CubeIDE.app/Contents/Eclipse/plugins/com.st.stm32cube.ide.mcu.externaltools.gnu-tools-for-stm32.9-2020-q2-update.macos64_2.0.0.202105311346/tools/bin/../lib/gcc/arm-none-eabi/9.3.1/../../../../arm-none-eabi/lib/thumb/v7e-m+dp/hard/libc.a
LOAD /Applications/STM32CubeIDE.app/Contents/Eclipse/plugins/com.st.stm32cube.ide.mcu.externaltools.gnu-tools-for-stm32.9-2020-q2-update.macos64_2.0.0.202105311346/tools/bin/../lib/gcc/arm-none-eabi/9.3.1/../../../../arm-none-eabi/lib/thumb/v7e-m+dp/hard/libm.a
LOAD /Applications/STM32CubeIDE.app/Contents/Eclipse/plugins/com.st.stm32cube.ide.mcu.externaltools.gnu-tools-for-stm32.9-2020-q2-update.macos64_2.0.0.202105311346/tools/bin/../lib/gcc/arm-none-eabi/9.3.1/thumb/v7e-m+dp/hard/libgcc.a

.debug_info     0x0000000000000000    0x3664b
 .debug_info    0x0000000000000000     0x2d58 ./Drivers/BSP/STM32H735G-DK/stm32h735g_discovery.o
 .debug_info    0x0000000000002d58     0x5d74 ./Drivers/BSP/STM32H735G-DK/stm32h735g_discovery_audio.o
 .debug_info    0x0000000000008acc     0x3564 ./Drivers/STM32H7xx_HAL_Driver/Src/stm32h7xx_hal.o
 .debug_info    0x000000000000c030     0x308c ./Drivers/STM32H7xx_HAL_Driver/Src/stm32h7xx_hal_cortex.o
 .debug_info    0x000000000000f0bc     0x23fe ./Drivers/STM32H7xx_HAL_Driver/Src/stm32h7xx_hal_crc.o
 .debug_info    0x00000000000114ba     0x2248 ./Drivers/STM32H7xx_HAL_Driver/Src/stm32h7xx_hal_crc_ex.o
 .debug_info    0x0000000000013702     0x3437 ./Drivers/STM32H7xx_HAL_Driver/Src/stm32h7xx_hal_dfsdm.o
 .debug_info    0x0000000000016b39     0x27cc ./Drivers/STM32H7xx_HAL_Driver/Src/stm32h7xx_hal_dma.o
 .debug_info    0x0000000000019305     0x246e ./Drivers/STM32H7xx_HAL_Driver/Src/stm32h7xx_hal_dma_ex.o
 .debug_info    0x000000000001b773     0x2c3b ./Drivers/STM32H7xx_HAL_Driver/Src/stm32h7xx_hal_gpio.o
 .debug_info    0x000000000001e3ae     0x2d5f ./Drivers/STM32H7xx_HAL_Driver/Src/stm32h7xx_hal_pwr_ex.o
 .debug_info    0x000000000002110d     0x2c9e ./Drivers/STM32H7xx_HAL_Driver/Src/stm32h7xx_hal_rcc.o
 .debug_info    0x0000000000023dab     0x312b ./Drivers/STM32H7xx_HAL_Driver/Src/stm32h7xx_hal_rcc_ex.o
 .debug_info    0x0000000000026ed6     0x2c0a ./Drivers/STM32H7xx_HAL_Driver/Src/stm32h7xx_hal_sai.o
 .debug_info    0x0000000000029ae0     0x2f3b ./Src/main.o
 .debug_info    0x000000000002ca1b     0x2140 ./Src/pdm2pcm.o
 .debug_info    0x000000000002eb5b     0x2f58 ./Src/stm32h7xx_hal_msp.o
 .debug_info    0x0000000000031ab3     0x2138 ./Src/stm32h7xx_it.o
 .debug_info    0x0000000000033beb     0x2a3e ./Src/system_stm32h7xx.o
 .debug_info    0x0000000000036629       0x22 ./Startup/startup_stm32h735igkx.o

.debug_abbrev   0x0000000000000000     0x3825
 .debug_abbrev  0x0000000000000000      0x329 ./Drivers/BSP/STM32H735G-DK/stm32h735g_discovery.o
 .debug_abbrev  0x0000000000000329      0x3e7 ./Drivers/BSP/STM32H735G-DK/stm32h735g_discovery_audio.o
 .debug_abbrev  0x0000000000000710      0x332 ./Drivers/STM32H7xx_HAL_Driver/Src/stm32h7xx_hal.o
 .debug_abbrev  0x0000000000000a42      0x417 ./Drivers/STM32H7xx_HAL_Driver/Src/stm32h7xx_hal_cortex.o
 .debug_abbrev  0x0000000000000e59      0x2ca ./Drivers/STM32H7xx_HAL_Driver/Src/stm32h7xx_hal_crc.o
 .debug_abbrev  0x0000000000001123      0x256 ./Drivers/STM32H7xx_HAL_Driver/Src/stm32h7xx_hal_crc_ex.o
 .debug_abbrev  0x0000000000001379      0x2ff ./Drivers/STM32H7xx_HAL_Driver/Src/stm32h7xx_hal_dfsdm.o
 .debug_abbrev  0x0000000000001678      0x2cf ./Drivers/STM32H7xx_HAL_Driver/Src/stm32h7xx_hal_dma.o
 .debug_abbrev  0x0000000000001947      0x2aa ./Drivers/STM32H7xx_HAL_Driver/Src/stm32h7xx_hal_dma_ex.o
 .debug_abbrev  0x0000000000001bf1      0x2d9 ./Drivers/STM32H7xx_HAL_Driver/Src/stm32h7xx_hal_gpio.o
 .debug_abbrev  0x0000000000001eca      0x34d ./Drivers/STM32H7xx_HAL_Driver/Src/stm32h7xx_hal_pwr_ex.o
 .debug_abbrev  0x0000000000002217      0x31f ./Drivers/STM32H7xx_HAL_Driver/Src/stm32h7xx_hal_rcc.o
 .debug_abbrev  0x0000000000002536      0x32b ./Drivers/STM32H7xx_HAL_Driver/Src/stm32h7xx_hal_rcc_ex.o
 .debug_abbrev  0x0000000000002861      0x306 ./Drivers/STM32H7xx_HAL_Driver/Src/stm32h7xx_hal_sai.o
 .debug_abbrev  0x0000000000002b67      0x31f ./Src/main.o
 .debug_abbrev  0x0000000000002e86      0x230 ./Src/pdm2pcm.o
 .debug_abbrev  0x00000000000030b6      0x2be ./Src/stm32h7xx_hal_msp.o
 .debug_abbrev  0x0000000000003374      0x240 ./Src/stm32h7xx_it.o
 .debug_abbrev  0x00000000000035b4      0x25f ./Src/system_stm32h7xx.o
 .debug_abbrev  0x0000000000003813       0x12 ./Startup/startup_stm32h735igkx.o

.debug_aranges  0x0000000000000000      0xff0
 .debug_aranges
                0x0000000000000000       0x80 ./Drivers/BSP/STM32H735G-DK/stm32h735g_discovery.o
 .debug_aranges
                0x0000000000000080      0x260 ./Drivers/BSP/STM32H735G-DK/stm32h735g_discovery_audio.o
 .debug_aranges
                0x00000000000002e0      0x1c8 ./Drivers/STM32H7xx_HAL_Driver/Src/stm32h7xx_hal.o
 .debug_aranges
                0x00000000000004a8      0x120 ./Drivers/STM32H7xx_HAL_Driver/Src/stm32h7xx_hal_cortex.o
 .debug_aranges
                0x00000000000005c8       0x60 ./Drivers/STM32H7xx_HAL_Driver/Src/stm32h7xx_hal_crc.o
 .debug_aranges
                0x0000000000000628       0x30 ./Drivers/STM32H7xx_HAL_Driver/Src/stm32h7xx_hal_crc_ex.o
 .debug_aranges
                0x0000000000000658      0x248 ./Drivers/STM32H7xx_HAL_Driver/Src/stm32h7xx_hal_dfsdm.o
 .debug_aranges
                0x00000000000008a0       0xa0 ./Drivers/STM32H7xx_HAL_Driver/Src/stm32h7xx_hal_dma.o
 .debug_aranges
                0x0000000000000940       0x60 ./Drivers/STM32H7xx_HAL_Driver/Src/stm32h7xx_hal_dma_ex.o
 .debug_aranges
                0x00000000000009a0       0x58 ./Drivers/STM32H7xx_HAL_Driver/Src/stm32h7xx_hal_gpio.o
 .debug_aranges
                0x00000000000009f8      0x148 ./Drivers/STM32H7xx_HAL_Driver/Src/stm32h7xx_hal_pwr_ex.o
 .debug_aranges
                0x0000000000000b40       0x88 ./Drivers/STM32H7xx_HAL_Driver/Src/stm32h7xx_hal_rcc.o
 .debug_aranges
                0x0000000000000bc8       0xf8 ./Drivers/STM32H7xx_HAL_Driver/Src/stm32h7xx_hal_rcc_ex.o
 .debug_aranges
                0x0000000000000cc0      0x178 ./Drivers/STM32H7xx_HAL_Driver/Src/stm32h7xx_hal_sai.o
 .debug_aranges
                0x0000000000000e38       0x60 ./Src/main.o
 .debug_aranges
                0x0000000000000e98       0x28 ./Src/pdm2pcm.o
 .debug_aranges
                0x0000000000000ec0       0x50 ./Src/stm32h7xx_hal_msp.o
 .debug_aranges
                0x0000000000000f10       0x90 ./Src/stm32h7xx_it.o
 .debug_aranges
                0x0000000000000fa0       0x28 ./Src/system_stm32h7xx.o
 .debug_aranges
                0x0000000000000fc8       0x28 ./Startup/startup_stm32h735igkx.o

.debug_ranges   0x0000000000000000      0xed0
 .debug_ranges  0x0000000000000000       0x70 ./Drivers/BSP/STM32H735G-DK/stm32h735g_discovery.o
 .debug_ranges  0x0000000000000070      0x250 ./Drivers/BSP/STM32H735G-DK/stm32h735g_discovery_audio.o
 .debug_ranges  0x00000000000002c0      0x1b8 ./Drivers/STM32H7xx_HAL_Driver/Src/stm32h7xx_hal.o
 .debug_ranges  0x0000000000000478      0x110 ./Drivers/STM32H7xx_HAL_Driver/Src/stm32h7xx_hal_cortex.o
 .debug_ranges  0x0000000000000588       0x50 ./Drivers/STM32H7xx_HAL_Driver/Src/stm32h7xx_hal_crc.o
 .debug_ranges  0x00000000000005d8       0x20 ./Drivers/STM32H7xx_HAL_Driver/Src/stm32h7xx_hal_crc_ex.o
 .debug_ranges  0x00000000000005f8      0x238 ./Drivers/STM32H7xx_HAL_Driver/Src/stm32h7xx_hal_dfsdm.o
 .debug_ranges  0x0000000000000830       0x90 ./Drivers/STM32H7xx_HAL_Driver/Src/stm32h7xx_hal_dma.o
 .debug_ranges  0x00000000000008c0       0x50 ./Drivers/STM32H7xx_HAL_Driver/Src/stm32h7xx_hal_dma_ex.o
 .debug_ranges  0x0000000000000910       0x48 ./Drivers/STM32H7xx_HAL_Driver/Src/stm32h7xx_hal_gpio.o
 .debug_ranges  0x0000000000000958      0x138 ./Drivers/STM32H7xx_HAL_Driver/Src/stm32h7xx_hal_pwr_ex.o
 .debug_ranges  0x0000000000000a90       0x78 ./Drivers/STM32H7xx_HAL_Driver/Src/stm32h7xx_hal_rcc.o
 .debug_ranges  0x0000000000000b08       0xe8 ./Drivers/STM32H7xx_HAL_Driver/Src/stm32h7xx_hal_rcc_ex.o
 .debug_ranges  0x0000000000000bf0      0x180 ./Drivers/STM32H7xx_HAL_Driver/Src/stm32h7xx_hal_sai.o
 .debug_ranges  0x0000000000000d70       0x50 ./Src/main.o
 .debug_ranges  0x0000000000000dc0       0x18 ./Src/pdm2pcm.o
 .debug_ranges  0x0000000000000dd8       0x40 ./Src/stm32h7xx_hal_msp.o
 .debug_ranges  0x0000000000000e18       0x80 ./Src/stm32h7xx_it.o
 .debug_ranges  0x0000000000000e98       0x18 ./Src/system_stm32h7xx.o
 .debug_ranges  0x0000000000000eb0       0x20 ./Startup/startup_stm32h735igkx.o

.debug_macro    0x0000000000000000    0x3313c
 .debug_macro   0x0000000000000000      0x355 ./Drivers/BSP/STM32H735G-DK/stm32h735g_discovery.o
 .debug_macro   0x0000000000000355      0x23e ./Drivers/BSP/STM32H735G-DK/stm32h735g_discovery.o
 .debug_macro   0x0000000000000593       0x2e ./Drivers/BSP/STM32H735G-DK/stm32h735g_discovery.o
 .debug_macro   0x00000000000005c1       0x42 ./Drivers/BSP/STM32H735G-DK/stm32h735g_discovery.o
 .debug_macro   0x0000000000000603       0x1c ./Drivers/BSP/STM32H735G-DK/stm32h735g_discovery.o
 .debug_macro   0x000000000000061f       0x22 ./Drivers/BSP/STM32H735G-DK/stm32h735g_discovery.o
 .debug_macro   0x0000000000000641     0x1305 ./Drivers/BSP/STM32H735G-DK/stm32h735g_discovery.o
 .debug_macro   0x0000000000001946      0x11f ./Drivers/BSP/STM32H735G-DK/stm32h735g_discovery.o
 .debug_macro   0x0000000000001a65       0x27 ./Drivers/BSP/STM32H735G-DK/stm32h735g_discovery.o
 .debug_macro   0x0000000000001a8c    0x21c2a ./Drivers/BSP/STM32H735G-DK/stm32h735g_discovery.o
 .debug_macro   0x00000000000236b6       0x6d ./Drivers/BSP/STM32H735G-DK/stm32h735g_discovery.o
 .debug_macro   0x0000000000023723     0x3d09 ./Drivers/BSP/STM32H735G-DK/stm32h735g_discovery.o
 .debug_macro   0x000000000002742c       0x52 ./Drivers/BSP/STM32H735G-DK/stm32h735g_discovery.o
 .debug_macro   0x000000000002747e       0x17 ./Drivers/BSP/STM32H735G-DK/stm32h735g_discovery.o
 .debug_macro   0x0000000000027495       0x3c ./Drivers/BSP/STM32H735G-DK/stm32h735g_discovery.o
 .debug_macro   0x00000000000274d1       0x34 ./Drivers/BSP/STM32H735G-DK/stm32h735g_discovery.o
 .debug_macro   0x0000000000027505       0x16 ./Drivers/BSP/STM32H735G-DK/stm32h735g_discovery.o
 .debug_macro   0x000000000002751b       0x43 ./Drivers/BSP/STM32H735G-DK/stm32h735g_discovery.o
 .debug_macro   0x000000000002755e       0x34 ./Drivers/BSP/STM32H735G-DK/stm32h735g_discovery.o
 .debug_macro   0x0000000000027592       0x10 ./Drivers/BSP/STM32H735G-DK/stm32h735g_discovery.o
 .debug_macro   0x00000000000275a2       0x58 ./Drivers/BSP/STM32H735G-DK/stm32h735g_discovery.o
 .debug_macro   0x00000000000275fa       0x71 ./Drivers/BSP/STM32H735G-DK/stm32h735g_discovery.o
 .debug_macro   0x000000000002766b       0x1c ./Drivers/BSP/STM32H735G-DK/stm32h735g_discovery.o
 .debug_macro   0x0000000000027687      0x12a ./Drivers/BSP/STM32H735G-DK/stm32h735g_discovery.o
 .debug_macro   0x00000000000277b1      0x333 ./Drivers/BSP/STM32H735G-DK/stm32h735g_discovery.o
 .debug_macro   0x0000000000027ae4      0x1a9 ./Drivers/BSP/STM32H735G-DK/stm32h735g_discovery.o
 .debug_macro   0x0000000000027c8d       0x5d ./Drivers/BSP/STM32H735G-DK/stm32h735g_discovery.o
 .debug_macro   0x0000000000027cea     0x257a ./Drivers/BSP/STM32H735G-DK/stm32h735g_discovery.o
 .debug_macro   0x000000000002a264     0x104f ./Drivers/BSP/STM32H735G-DK/stm32h735g_discovery.o
 .debug_macro   0x000000000002b2b3      0x14d ./Drivers/BSP/STM32H735G-DK/stm32h735g_discovery.o
 .debug_macro   0x000000000002b400      0x114 ./Drivers/BSP/STM32H735G-DK/stm32h735g_discovery.o
 .debug_macro   0x000000000002b514      0x3f8 ./Drivers/BSP/STM32H735G-DK/stm32h735g_discovery.o
 .debug_macro   0x000000000002b90c       0xac ./Drivers/BSP/STM32H735G-DK/stm32h735g_discovery.o
 .debug_macro   0x000000000002b9b8      0x788 ./Drivers/BSP/STM32H735G-DK/stm32h735g_discovery.o
 .debug_macro   0x000000000002c140      0x228 ./Drivers/BSP/STM32H735G-DK/stm32h735g_discovery.o
 .debug_macro   0x000000000002c368       0x66 ./Drivers/BSP/STM32H735G-DK/stm32h735g_discovery.o
 .debug_macro   0x000000000002c3ce      0x3a6 ./Drivers/BSP/STM32H735G-DK/stm32h735g_discovery.o
 .debug_macro   0x000000000002c774      0x2d4 ./Drivers/BSP/STM32H735G-DK/stm32h735g_discovery.o
 .debug_macro   0x000000000002ca48      0x3f9 ./Drivers/BSP/STM32H735G-DK/stm32h735g_discovery.o
 .debug_macro   0x000000000002ce41      0x275 ./Drivers/BSP/STM32H735G-DK/stm32h735g_discovery.o
 .debug_macro   0x000000000002d0b6       0xc7 ./Drivers/BSP/STM32H735G-DK/stm32h735g_discovery.o
 .debug_macro   0x000000000002d17d       0x4c ./Drivers/BSP/STM32H735G-DK/stm32h735g_discovery.o
 .debug_macro   0x000000000002d1c9      0x3ca ./Drivers/BSP/STM32H735G-DK/stm32h735g_discovery.o
 .debug_macro   0x000000000002d593      0x45c ./Drivers/BSP/STM32H735G-DK/stm32h735g_discovery.o
 .debug_macro   0x000000000002d9ef       0x3c ./Drivers/BSP/STM32H735G-DK/stm32h735g_discovery.o
 .debug_macro   0x000000000002da2b       0x4a ./Drivers/BSP/STM32H735G-DK/stm32h735g_discovery.o
 .debug_macro   0x000000000002da75      0x22c ./Drivers/BSP/STM32H735G-DK/stm32h735g_discovery.o
 .debug_macro   0x000000000002dca1       0x67 ./Drivers/BSP/STM32H735G-DK/stm32h735g_discovery.o
 .debug_macro   0x000000000002dd08       0xa5 ./Drivers/BSP/STM32H735G-DK/stm32h735g_discovery.o
 .debug_macro   0x000000000002ddad      0x1c4 ./Drivers/BSP/STM32H735G-DK/stm32h735g_discovery.o
 .debug_macro   0x000000000002df71      0x25b ./Drivers/BSP/STM32H735G-DK/stm32h735g_discovery.o
 .debug_macro   0x000000000002e1cc       0x35 ./Drivers/BSP/STM32H735G-DK/stm32h735g_discovery.o
 .debug_macro   0x000000000002e201      0x3ad ./Drivers/BSP/STM32H735G-DK/stm32h735g_discovery.o
 .debug_macro   0x000000000002e5ae       0x10 ./Drivers/BSP/STM32H735G-DK/stm32h735g_discovery.o
 .debug_macro   0x000000000002e5be       0xe4 ./Drivers/BSP/STM32H735G-DK/stm32h735g_discovery.o
 .debug_macro   0x000000000002e6a2       0xa6 ./Drivers/BSP/STM32H735G-DK/stm32h735g_discovery.o
 .debug_macro   0x000000000002e748       0x82 ./Drivers/BSP/STM32H735G-DK/stm32h735g_discovery.o
 .debug_macro   0x000000000002e7ca      0x4b1 ./Drivers/BSP/STM32H735G-DK/stm32h735g_discovery.o
 .debug_macro   0x000000000002ec7b       0x6a ./Drivers/BSP/STM32H735G-DK/stm32h735g_discovery.o
 .debug_macro   0x000000000002ece5      0x5e6 ./Drivers/BSP/STM32H735G-DK/stm32h735g_discovery.o
 .debug_macro   0x000000000002f2cb       0x8e ./Drivers/BSP/STM32H735G-DK/stm32h735g_discovery.o
 .debug_macro   0x000000000002f359       0x9e ./Drivers/BSP/STM32H735G-DK/stm32h735g_discovery.o
 .debug_macro   0x000000000002f3f7      0x388 ./Drivers/BSP/STM32H735G-DK/stm32h735g_discovery_audio.o
 .debug_macro   0x000000000002f77f       0x64 ./Drivers/BSP/STM32H735G-DK/stm32h735g_discovery_audio.o
 .debug_macro   0x000000000002f7e3      0x36b ./Drivers/STM32H7xx_HAL_Driver/Src/stm32h7xx_hal.o
 .debug_macro   0x000000000002fb4e       0x94 ./Drivers/STM32H7xx_HAL_Driver/Src/stm32h7xx_hal.o
 .debug_macro   0x000000000002fbe2      0x341 ./Drivers/STM32H7xx_HAL_Driver/Src/stm32h7xx_hal_cortex.o
 .debug_macro   0x000000000002ff23      0x341 ./Drivers/STM32H7xx_HAL_Driver/Src/stm32h7xx_hal_crc.o
 .debug_macro   0x0000000000030264      0x341 ./Drivers/STM32H7xx_HAL_Driver/Src/stm32h7xx_hal_crc_ex.o
 .debug_macro   0x00000000000305a5      0x365 ./Drivers/STM32H7xx_HAL_Driver/Src/stm32h7xx_hal_dfsdm.o
 .debug_macro   0x000000000003090a      0x394 ./Drivers/STM32H7xx_HAL_Driver/Src/stm32h7xx_hal_dma.o
 .debug_macro   0x0000000000030c9e      0x341 ./Drivers/STM32H7xx_HAL_Driver/Src/stm32h7xx_hal_dma_ex.o
 .debug_macro   0x0000000000030fdf      0x348 ./Drivers/STM32H7xx_HAL_Driver/Src/stm32h7xx_hal_gpio.o
 .debug_macro   0x0000000000031327      0x37a ./Drivers/STM32H7xx_HAL_Driver/Src/stm32h7xx_hal_pwr_ex.o
 .debug_macro   0x00000000000316a1      0x365 ./Drivers/STM32H7xx_HAL_Driver/Src/stm32h7xx_hal_rcc.o
 .debug_macro   0x0000000000031a06      0x35f ./Drivers/STM32H7xx_HAL_Driver/Src/stm32h7xx_hal_rcc_ex.o
 .debug_macro   0x0000000000031d65      0x350 ./Drivers/STM32H7xx_HAL_Driver/Src/stm32h7xx_hal_sai.o
 .debug_macro   0x00000000000320b5      0x35f ./Src/main.o
 .debug_macro   0x0000000000032414      0x34f ./Src/pdm2pcm.o
 .debug_macro   0x0000000000032763      0x345 ./Src/stm32h7xx_hal_msp.o
 .debug_macro   0x0000000000032aa8      0x34f ./Src/stm32h7xx_it.o
 .debug_macro   0x0000000000032df7      0x345 ./Src/system_stm32h7xx.o

.debug_line     0x0000000000000000    0x17d2e
 .debug_line    0x0000000000000000      0xc54 ./Drivers/BSP/STM32H735G-DK/stm32h735g_discovery.o
 .debug_line    0x0000000000000c54     0x2e5a ./Drivers/BSP/STM32H735G-DK/stm32h735g_discovery_audio.o
 .debug_line    0x0000000000003aae     0x1088 ./Drivers/STM32H7xx_HAL_Driver/Src/stm32h7xx_hal.o
 .debug_line    0x0000000000004b36      0xffd ./Drivers/STM32H7xx_HAL_Driver/Src/stm32h7xx_hal_cortex.o
 .debug_line    0x0000000000005b33      0xd8a ./Drivers/STM32H7xx_HAL_Driver/Src/stm32h7xx_hal_crc.o
 .debug_line    0x00000000000068bd      0xafc ./Drivers/STM32H7xx_HAL_Driver/Src/stm32h7xx_hal_crc_ex.o
 .debug_line    0x00000000000073b9     0x2238 ./Drivers/STM32H7xx_HAL_Driver/Src/stm32h7xx_hal_dfsdm.o
 .debug_line    0x00000000000095f1     0x2941 ./Drivers/STM32H7xx_HAL_Driver/Src/stm32h7xx_hal_dma.o
 .debug_line    0x000000000000bf32     0x1390 ./Drivers/STM32H7xx_HAL_Driver/Src/stm32h7xx_hal_dma_ex.o
 .debug_line    0x000000000000d2c2      0xea6 ./Drivers/STM32H7xx_HAL_Driver/Src/stm32h7xx_hal_gpio.o
 .debug_line    0x000000000000e168     0x1097 ./Drivers/STM32H7xx_HAL_Driver/Src/stm32h7xx_hal_pwr_ex.o
 .debug_line    0x000000000000f1ff     0x14c8 ./Drivers/STM32H7xx_HAL_Driver/Src/stm32h7xx_hal_rcc.o
 .debug_line    0x00000000000106c7     0x1c36 ./Drivers/STM32H7xx_HAL_Driver/Src/stm32h7xx_hal_rcc_ex.o
 .debug_line    0x00000000000122fd     0x1fc1 ./Drivers/STM32H7xx_HAL_Driver/Src/stm32h7xx_hal_sai.o
 .debug_line    0x00000000000142be      0xc26 ./Src/main.o
 .debug_line    0x0000000000014ee4      0xa70 ./Src/pdm2pcm.o
 .debug_line    0x0000000000015954      0xbe3 ./Src/stm32h7xx_hal_msp.o
 .debug_line    0x0000000000016537      0xb88 ./Src/stm32h7xx_it.o
 .debug_line    0x00000000000170bf      0xbec ./Src/system_stm32h7xx.o
 .debug_line    0x0000000000017cab       0x83 ./Startup/startup_stm32h735igkx.o

.debug_str      0x0000000000000000   0x150be4
 .debug_str     0x0000000000000000   0x14b7de ./Drivers/BSP/STM32H735G-DK/stm32h735g_discovery.o
                                     0x14c0a7 (size before relaxing)
 .debug_str     0x000000000014b7de     0x161d ./Drivers/BSP/STM32H735G-DK/stm32h735g_discovery_audio.o
                                     0x14d575 (size before relaxing)
 .debug_str     0x000000000014cdfb      0x93b ./Drivers/STM32H7xx_HAL_Driver/Src/stm32h7xx_hal.o
                                     0x14c80f (size before relaxing)
 .debug_str     0x000000000014d736      0x382 ./Drivers/STM32H7xx_HAL_Driver/Src/stm32h7xx_hal_cortex.o
                                     0x14c225 (size before relaxing)
 .debug_str     0x000000000014dab8      0x224 ./Drivers/STM32H7xx_HAL_Driver/Src/stm32h7xx_hal_crc.o
                                     0x14b5ff (size before relaxing)
 .debug_str     0x000000000014dcdc       0x82 ./Drivers/STM32H7xx_HAL_Driver/Src/stm32h7xx_hal_crc_ex.o
                                     0x14b5d2 (size before relaxing)
 .debug_str     0x000000000014dd5e      0x991 ./Drivers/STM32H7xx_HAL_Driver/Src/stm32h7xx_hal_dfsdm.o
                                     0x14be11 (size before relaxing)
 .debug_str     0x000000000014e6ef      0x8b2 ./Drivers/STM32H7xx_HAL_Driver/Src/stm32h7xx_hal_dma.o
                                     0x14bd02 (size before relaxing)
 .debug_str     0x000000000014efa1      0x25f ./Drivers/STM32H7xx_HAL_Driver/Src/stm32h7xx_hal_dma_ex.o
                                     0x14b6ad (size before relaxing)
 .debug_str     0x000000000014f200      0x12a ./Drivers/STM32H7xx_HAL_Driver/Src/stm32h7xx_hal_gpio.o
                                     0x14b8bc (size before relaxing)
 .debug_str     0x000000000014f32a      0x60f ./Drivers/STM32H7xx_HAL_Driver/Src/stm32h7xx_hal_pwr_ex.o
                                     0x14bca6 (size before relaxing)
 .debug_str     0x000000000014f939      0x4ef ./Drivers/STM32H7xx_HAL_Driver/Src/stm32h7xx_hal_rcc.o
                                     0x14bbcc (size before relaxing)
 .debug_str     0x000000000014fe28      0x66f ./Drivers/STM32H7xx_HAL_Driver/Src/stm32h7xx_hal_rcc_ex.o
                                     0x14c0b9 (size before relaxing)
 .debug_str     0x0000000000150497      0x3ef ./Drivers/STM32H7xx_HAL_Driver/Src/stm32h7xx_hal_sai.o
                                     0x14b888 (size before relaxing)
 .debug_str     0x0000000000150886      0x169 ./Src/main.o
                                     0x14c352 (size before relaxing)
 .debug_str     0x00000000001509ef       0x34 ./Src/pdm2pcm.o
                                     0x14b4f7 (size before relaxing)
 .debug_str     0x0000000000150a23       0x47 ./Src/stm32h7xx_hal_msp.o
                                     0x14c433 (size before relaxing)
 .debug_str     0x0000000000150a6a      0x10e ./Src/stm32h7xx_it.o
                                     0x14b52a (size before relaxing)
 .debug_str     0x0000000000150b78       0x3b ./Src/system_stm32h7xx.o
                                     0x14b87c (size before relaxing)
 .debug_str     0x0000000000150bb3       0x31 ./Startup/startup_stm32h735igkx.o
                                         0x57 (size before relaxing)

.comment        0x0000000000000000       0xd1
 .comment       0x0000000000000000       0x53 ./Drivers/BSP/STM32H735G-DK/stm32h735g_discovery.o
                                         0x54 (size before relaxing)
 .comment       0x0000000000000053       0x54 ./Drivers/BSP/STM32H735G-DK/stm32h735g_discovery_audio.o
 .comment       0x0000000000000053       0x54 ./Drivers/STM32H7xx_HAL_Driver/Src/stm32h7xx_hal.o
 .comment       0x0000000000000053       0x54 ./Drivers/STM32H7xx_HAL_Driver/Src/stm32h7xx_hal_cortex.o
 .comment       0x0000000000000053       0x54 ./Drivers/STM32H7xx_HAL_Driver/Src/stm32h7xx_hal_crc.o
 .comment       0x0000000000000053       0x54 ./Drivers/STM32H7xx_HAL_Driver/Src/stm32h7xx_hal_crc_ex.o
 .comment       0x0000000000000053       0x54 ./Drivers/STM32H7xx_HAL_Driver/Src/stm32h7xx_hal_dfsdm.o
 .comment       0x0000000000000053       0x54 ./Drivers/STM32H7xx_HAL_Driver/Src/stm32h7xx_hal_dma.o
 .comment       0x0000000000000053       0x54 ./Drivers/STM32H7xx_HAL_Driver/Src/stm32h7xx_hal_dma_ex.o
 .comment       0x0000000000000053       0x54 ./Drivers/STM32H7xx_HAL_Driver/Src/stm32h7xx_hal_gpio.o
 .comment       0x0000000000000053       0x54 ./Drivers/STM32H7xx_HAL_Driver/Src/stm32h7xx_hal_pwr_ex.o
 .comment       0x0000000000000053       0x54 ./Drivers/STM32H7xx_HAL_Driver/Src/stm32h7xx_hal_rcc.o
 .comment       0x0000000000000053       0x54 ./Drivers/STM32H7xx_HAL_Driver/Src/stm32h7xx_hal_rcc_ex.o
 .comment       0x0000000000000053       0x54 ./Drivers/STM32H7xx_HAL_Driver/Src/stm32h7xx_hal_sai.o
 .comment       0x0000000000000053       0x54 ./Src/main.o
 .comment       0x0000000000000053       0x54 ./Src/pdm2pcm.o
 .comment       0x0000000000000053       0x54 ./Src/stm32h7xx_hal_msp.o
 .comment       0x0000000000000053       0x54 ./Src/stm32h7xx_it.o
 .comment       0x0000000000000053       0x54 ./Src/system_stm32h7xx.o
 .comment       0x0000000000000053       0x7e ../Middlewares/ST/STM32_Audio/Addons/PDM/Lib/libPDMFilter_CM7_GCC_wc32.a(pdm_filter.o)
                                         0x7f (size before relaxing)

.debug_frame    0x0000000000000000     0x429c
 .debug_frame   0x0000000000000000      0x1dc ./Drivers/BSP/STM32H735G-DK/stm32h735g_discovery.o
 .debug_frame   0x00000000000001dc      0xac4 ./Drivers/BSP/STM32H735G-DK/stm32h735g_discovery_audio.o
 .debug_frame   0x0000000000000ca0      0x760 ./Drivers/STM32H7xx_HAL_Driver/Src/stm32h7xx_hal.o
 .debug_frame   0x0000000000001400      0x4b8 ./Drivers/STM32H7xx_HAL_Driver/Src/stm32h7xx_hal_cortex.o
 .debug_frame   0x00000000000018b8      0x168 ./Drivers/STM32H7xx_HAL_Driver/Src/stm32h7xx_hal_crc.o
 .debug_frame   0x0000000000001a20       0x88 ./Drivers/STM32H7xx_HAL_Driver/Src/stm32h7xx_hal_crc_ex.o
 .debug_frame   0x0000000000001aa8      0xa78 ./Drivers/STM32H7xx_HAL_Driver/Src/stm32h7xx_hal_dfsdm.o
 .debug_frame   0x0000000000002520      0x2b4 ./Drivers/STM32H7xx_HAL_Driver/Src/stm32h7xx_hal_dma.o
 .debug_frame   0x00000000000027d4      0x174 ./Drivers/STM32H7xx_HAL_Driver/Src/stm32h7xx_hal_dma_ex.o
 .debug_frame   0x0000000000002948      0x14c ./Drivers/STM32H7xx_HAL_Driver/Src/stm32h7xx_hal_gpio.o
 .debug_frame   0x0000000000002a94      0x540 ./Drivers/STM32H7xx_HAL_Driver/Src/stm32h7xx_hal_pwr_ex.o
 .debug_frame   0x0000000000002fd4      0x1fc ./Drivers/STM32H7xx_HAL_Driver/Src/stm32h7xx_hal_rcc.o
 .debug_frame   0x00000000000031d0      0x3f4 ./Drivers/STM32H7xx_HAL_Driver/Src/stm32h7xx_hal_rcc_ex.o
 .debug_frame   0x00000000000035c4      0x69c ./Drivers/STM32H7xx_HAL_Driver/Src/stm32h7xx_hal_sai.o
 .debug_frame   0x0000000000003c60      0x138 ./Src/main.o
 .debug_frame   0x0000000000003d98       0x54 ./Src/pdm2pcm.o
 .debug_frame   0x0000000000003dec      0x120 ./Src/stm32h7xx_hal_msp.o
 .debug_frame   0x0000000000003f0c      0x1b0 ./Src/stm32h7xx_it.o
 .debug_frame   0x00000000000040bc       0x58 ./Src/system_stm32h7xx.o
 .debug_frame   0x0000000000004114       0x20 /Applications/STM32CubeIDE.app/Contents/Eclipse/plugins/com.st.stm32cube.ide.mcu.externaltools.gnu-tools-for-stm32.9-2020-q2-update.macos64_2.0.0.202105311346/tools/bin/../lib/gcc/arm-none-eabi/9.3.1/../../../../arm-none-eabi/lib/thumb/v7e-m+dp/hard/libc_nano.a(lib_a-errno.o)
 .debug_frame   0x0000000000004134       0x2c /Applications/STM32CubeIDE.app/Contents/Eclipse/plugins/com.st.stm32cube.ide.mcu.externaltools.gnu-tools-for-stm32.9-2020-q2-update.macos64_2.0.0.202105311346/tools/bin/../lib/gcc/arm-none-eabi/9.3.1/../../../../arm-none-eabi/lib/thumb/v7e-m+dp/hard/libc_nano.a(lib_a-init.o)
 .debug_frame   0x0000000000004160       0x20 /Applications/STM32CubeIDE.app/Contents/Eclipse/plugins/com.st.stm32cube.ide.mcu.externaltools.gnu-tools-for-stm32.9-2020-q2-update.macos64_2.0.0.202105311346/tools/bin/../lib/gcc/arm-none-eabi/9.3.1/../../../../arm-none-eabi/lib/thumb/v7e-m+dp/hard/libc_nano.a(lib_a-memset.o)
 .debug_frame   0x0000000000004180       0x90 /Applications/STM32CubeIDE.app/Contents/Eclipse/plugins/com.st.stm32cube.ide.mcu.externaltools.gnu-tools-for-stm32.9-2020-q2-update.macos64_2.0.0.202105311346/tools/bin/../lib/gcc/arm-none-eabi/9.3.1/../../../../arm-none-eabi/lib/thumb/v7e-m+dp/hard/libm.a(lib_a-sf_pow.o)
 .debug_frame   0x0000000000004210       0x8c /Applications/STM32CubeIDE.app/Contents/Eclipse/plugins/com.st.stm32cube.ide.mcu.externaltools.gnu-tools-for-stm32.9-2020-q2-update.macos64_2.0.0.202105311346/tools/bin/../lib/gcc/arm-none-eabi/9.3.1/../../../../arm-none-eabi/lib/thumb/v7e-m+dp/hard/libm.a(lib_a-math_errf.o)
