stm32h7xx_hal_sai.c:331:19:HAL_SAI_InitProtocol	32	static
stm32h7xx_hal_sai.c:370:19:HAL_SAI_Init	48	static
stm32h7xx_hal_sai.c:783:19:HAL_SAI_DeInit	24	static
stm32h7xx_hal_sai.c:864:13:HAL_SAI_MspInit	16	static
stm32h7xx_hal_sai.c:880:13:HAL_SAI_MspDeInit	16	static
stm32h7xx_hal_sai.c:907:19:HAL_SAI_RegisterCallback	32	static
stm32h7xx_hal_sai.c:999:19:HAL_SAI_UnRegisterCallback	24	static
stm32h7xx_hal_sai.c:1121:19:HAL_SAI_Transmit	32	static
stm32h7xx_hal_sai.c:1234:19:HAL_SAI_Receive	32	static
stm32h7xx_hal_sai.c:1344:19:HAL_SAI_Transmit_IT	24	static
stm32h7xx_hal_sai.c:1406:19:HAL_SAI_Receive_IT	24	static
stm32h7xx_hal_sai.c:1464:19:HAL_SAI_DMAPause	16	static
stm32h7xx_hal_sai.c:1484:19:HAL_SAI_DMAResume	16	static
stm32h7xx_hal_sai.c:1511:19:HAL_SAI_DMAStop	24	static
stm32h7xx_hal_sai.c:1573:19:HAL_SAI_Abort	24	static
stm32h7xx_hal_sai.c:1645:19:HAL_SAI_Transmit_DMA	32	static
stm32h7xx_hal_sai.c:1732:19:HAL_SAI_Receive_DMA	24	static
stm32h7xx_hal_sai.c:1803:19:HAL_SAI_EnableTxMuteMode	16	static
stm32h7xx_hal_sai.c:1822:19:HAL_SAI_DisableTxMuteMode	16	static
stm32h7xx_hal_sai.c:1840:19:HAL_SAI_EnableRxMuteMode	24	static
stm32h7xx_hal_sai.c:1863:19:HAL_SAI_DisableRxMuteMode	16	static
stm32h7xx_hal_sai.c:1882:6:HAL_SAI_IRQHandler	32	static
stm32h7xx_hal_sai.c:2155:13:HAL_SAI_TxCpltCallback	16	static
stm32h7xx_hal_sai.c:2171:13:HAL_SAI_TxHalfCpltCallback	16	static
stm32h7xx_hal_sai.c:2187:13:HAL_SAI_RxCpltCallback	16	static
stm32h7xx_hal_sai.c:2203:13:HAL_SAI_RxHalfCpltCallback	16	static
stm32h7xx_hal_sai.c:2219:13:HAL_SAI_ErrorCallback	16	static
stm32h7xx_hal_sai.c:2254:22:HAL_SAI_GetState	16	static
stm32h7xx_hal_sai.c:2265:10:HAL_SAI_GetError	16	static
stm32h7xx_hal_sai.c:2294:26:SAI_InitI2S	32	static
stm32h7xx_hal_sai.c:2389:26:SAI_InitPCM	32	static
stm32h7xx_hal_sai.c:2459:13:SAI_FillFifo	24	static
stm32h7xx_hal_sai.c:2502:17:SAI_InterruptFlag	24	static
stm32h7xx_hal_sai.c:2535:26:SAI_Disable	24	static
stm32h7xx_hal_sai.c:2566:13:SAI_Transmit_IT8Bit	16	static
stm32h7xx_hal_sai.c:2595:13:SAI_Transmit_IT16Bit	24	static
stm32h7xx_hal_sai.c:2628:13:SAI_Transmit_IT32Bit	24	static
stm32h7xx_hal_sai.c:2665:13:SAI_Receive_IT8Bit	16	static
stm32h7xx_hal_sai.c:2696:13:SAI_Receive_IT16Bit	24	static
stm32h7xx_hal_sai.c:2732:13:SAI_Receive_IT32Bit	24	static
stm32h7xx_hal_sai.c:2772:13:SAI_DMATxCplt	24	static
stm32h7xx_hal_sai.c:2801:13:SAI_DMATxHalfCplt	24	static
stm32h7xx_hal_sai.c:2819:13:SAI_DMARxCplt	24	static
stm32h7xx_hal_sai.c:2848:13:SAI_DMARxHalfCplt	24	static
stm32h7xx_hal_sai.c:2865:13:SAI_DMAError	24	static
stm32h7xx_hal_sai.c:2903:13:SAI_DMAAbort	24	static
