main.c:103:5:main	24	static,ignoring_inline_asm
main.c:178:6:SystemClock_Config	120	static
main.c:234:13:MX_NVIC_Init	8	static
main.c:255:13:MX_CRC_Init	16	static
main.c:290:13:MX_I2C4_Init	8	static
main.c:336:13:MX_RAMECC_Init	8	static
main.c:378:13:MX_SAI1_Init	8	static
main.c:414:13:MX_SAI4_Init	8	static
main.c:466:13:MX_BDMA_Init	16	static
main.c:479:13:MX_DMA_Init	16	static
main.c:520:13:MX_GPIO_Init	48	static
main.c:541:13:CODEC_Init	56	static
main.c:566:6:MPU_Config	24	static
main.c:596:6:Error_Handler	4	static,ignoring_inline_asm
