main.c:184:5:main	24	static,ignoring_inline_asm
main.c:264:6:SystemClock_Config	120	static
main.c:320:13:MX_NVIC_Init	8	static
main.c:341:13:MX_CRC_Init	16	static
main.c:428:13:MX_RAMECC_Init	8	static
main.c:470:13:MX_SAI1_Init	8	static
main.c:506:13:MX_SAI4_Init	8	static
main.c:558:13:MX_BDMA_Init	16	static
main.c:571:13:MX_DMA_Init	16	static
main.c:614:13:MX_GPIO_Init	48	static
main.c:639:16:WM8994_Probe	40	static
main.c:684:13:Playback_Init	208	static
main.c:773:6:MPU_Config	24	static
main.c:803:6:Error_Handler	4	static,ignoring_inline_asm
main.c:832:6:AudioPlay_demo	16	static
main.c:921:20:AUDIO_Start	24	static
main.c:948:9:AUDIO_Process	80	static,ignoring_inline_asm
main.c:1013:17:GetData	32	static
main.c:1038:6:BSP_AUDIO_OUT_TransferComplete_CallBack	16	static
main.c:1052:6:BSP_AUDIO_OUT_HalfTransfer_CallBack	16	static
main.c:1066:6:BSP_AUDIO_OUT_Error_CallBack	16	static
