stm32h735g_discovery_audio.c:251:9:BSP_AUDIO_OUT_Init	88	static
stm32h735g_discovery_audio.c:402:9:BSP_AUDIO_OUT_DeInit	24	static
stm32h735g_discovery_audio.c:443:26:MX_SAI1_Block_B_Init	24	static
stm32h735g_discovery_audio.c:507:26:MX_SAI1_ClockConfig	200	static
stm32h735g_discovery_audio.c:624:9:BSP_AUDIO_OUT_Play	32	static
stm32h735g_discovery_audio.c:663:9:BSP_AUDIO_OUT_Pause	24	static
stm32h735g_discovery_audio.c:703:9:BSP_AUDIO_OUT_Resume	24	static
stm32h735g_discovery_audio.c:740:9:BSP_AUDIO_OUT_Stop	24	static
stm32h735g_discovery_audio.c:784:9:BSP_AUDIO_OUT_SetVolume	24	static
stm32h735g_discovery_audio.c:822:9:BSP_AUDIO_OUT_GetVolume	24	static
stm32h735g_discovery_audio.c:847:9:BSP_AUDIO_OUT_Mute	24	static
stm32h735g_discovery_audio.c:885:9:BSP_AUDIO_OUT_UnMute	24	static
stm32h735g_discovery_audio.c:924:9:BSP_AUDIO_OUT_IsMute	24	static
stm32h735g_discovery_audio.c:951:9:BSP_AUDIO_OUT_SetDevice	24	static
stm32h735g_discovery_audio.c:982:9:BSP_AUDIO_OUT_GetDevice	24	static
stm32h735g_discovery_audio.c:1011:9:BSP_AUDIO_OUT_SetSampleRate	24	static
stm32h735g_discovery_audio.c:1080:9:BSP_AUDIO_OUT_GetSampleRate	24	static
stm32h735g_discovery_audio.c:1106:9:BSP_AUDIO_OUT_SetBitsPerSample	24	static
stm32h735g_discovery_audio.c:1188:9:BSP_AUDIO_OUT_GetBitsPerSample	24	static
stm32h735g_discovery_audio.c:1216:9:BSP_AUDIO_OUT_SetChannelsNbr	24	static
stm32h735g_discovery_audio.c:1272:9:BSP_AUDIO_OUT_GetChannelsNbr	24	static
stm32h735g_discovery_audio.c:1300:9:BSP_AUDIO_OUT_GetState	24	static
stm32h735g_discovery_audio.c:1323:6:BSP_AUDIO_OUT_IRQHandler	16	static
stm32h735g_discovery_audio.c:1352:6:HAL_SAI_TxHalfCpltCallback	16	static
stm32h735g_discovery_audio.c:1367:6:HAL_SAI_ErrorCallback	16	static
stm32h735g_discovery_audio.c:1384:13:BSP_AUDIO_OUT_TransferComplete_CallBack	16	static
stm32h735g_discovery_audio.c:1395:13:BSP_AUDIO_OUT_HalfTransfer_CallBack	16	static
stm32h735g_discovery_audio.c:1406:13:BSP_AUDIO_OUT_Error_CallBack	16	static
stm32h735g_discovery_audio.c:1424:16:WM8994_Probe	40	static
stm32h735g_discovery_audio.c:1473:13:SAI_MspInit	96	static
stm32h735g_discovery_audio.c:1681:13:SAI_MspDeInit	16	static
stm32h735g_discovery_audio.c:1775:9:BSP_AUDIO_IN_Init	96	static
stm32h735g_discovery_audio.c:2020:9:BSP_AUDIO_IN_DeInit	24	static
stm32h735g_discovery_audio.c:2131:26:MX_DFSDM1_ClockConfig	200	static
stm32h735g_discovery_audio.c:2158:26:MX_SAI4_ClockConfig	200	static
stm32h735g_discovery_audio.c:2205:26:MX_DFSDM1_Init	24	static
stm32h735g_discovery_audio.c:2262:26:MX_SAI1_Block_A_Init	24	static
stm32h735g_discovery_audio.c:2323:26:MX_SAI4_Block_A_Init	24	static
stm32h735g_discovery_audio.c:2545:9:BSP_AUDIO_IN_PDMToPCM_Init	32	static
stm32h735g_discovery_audio.c:2587:9:BSP_AUDIO_IN_PDMToPCM	32	static
stm32h735g_discovery_audio.c:2614:9:BSP_AUDIO_IN_Record	80	static,ignoring_inline_asm
stm32h735g_discovery_audio.c:2679:9:BSP_AUDIO_IN_Stop	48	static,ignoring_inline_asm
stm32h735g_discovery_audio.c:2746:9:BSP_AUDIO_IN_Pause	48	static,ignoring_inline_asm
stm32h735g_discovery_audio.c:2803:9:BSP_AUDIO_IN_Resume	72	static,ignoring_inline_asm
stm32h735g_discovery_audio.c:2865:9:BSP_AUDIO_IN_RecordChannels	96	static,ignoring_inline_asm
stm32h735g_discovery_audio.c:2925:9:BSP_AUDIO_IN_StopChannels	24	static
stm32h735g_discovery_audio.c:2948:9:BSP_AUDIO_IN_PauseChannels	40	static,ignoring_inline_asm
stm32h735g_discovery_audio.c:2990:9:BSP_AUDIO_IN_ResumeChannels	64	static,ignoring_inline_asm
stm32h735g_discovery_audio.c:3033:9:BSP_AUDIO_IN_RecordPDM	32	static
stm32h735g_discovery_audio.c:3060:9:BSP_AUDIO_IN_SetDevice	48	static
stm32h735g_discovery_audio.c:3115:9:BSP_AUDIO_IN_GetDevice	24	static
stm32h735g_discovery_audio.c:3137:9:BSP_AUDIO_IN_SetSampleRate	48	static
stm32h735g_discovery_audio.c:3240:9:BSP_AUDIO_IN_GetSampleRate	24	static
stm32h735g_discovery_audio.c:3264:9:BSP_AUDIO_IN_SetBitsPerSample	48	static
stm32h735g_discovery_audio.c:3314:9:BSP_AUDIO_IN_GetBitsPerSample	24	static
stm32h735g_discovery_audio.c:3336:9:BSP_AUDIO_IN_SetChannelsNbr	24	static
stm32h735g_discovery_audio.c:3359:9:BSP_AUDIO_IN_GetChannelsNbr	24	static
stm32h735g_discovery_audio.c:3381:9:BSP_AUDIO_IN_SetVolume	24	static
stm32h735g_discovery_audio.c:3405:9:BSP_AUDIO_IN_GetVolume	24	static
stm32h735g_discovery_audio.c:3431:9:BSP_AUDIO_IN_GetState	24	static
stm32h735g_discovery_audio.c:3458:6:BSP_AUDIO_IN_IRQHandler	32	static,ignoring_inline_asm
stm32h735g_discovery_audio.c:3484:6:HAL_DFSDM_FilterRegConvCpltCallback	192	static,ignoring_inline_asm
stm32h735g_discovery_audio.c:3569:6:HAL_DFSDM_FilterRegConvHalfCpltCallback	192	static,ignoring_inline_asm
stm32h735g_discovery_audio.c:3655:6:HAL_SAI_RxHalfCpltCallback	16	static
stm32h735g_discovery_audio.c:3683:13:BSP_AUDIO_IN_TransferComplete_CallBack	16	static
stm32h735g_discovery_audio.c:3697:13:BSP_AUDIO_IN_HalfTransfer_CallBack	16	static
stm32h735g_discovery_audio.c:3711:13:BSP_AUDIO_IN_Error_CallBack	16	static
